
  [32m[1mVITE[22m v5.4.21[39m  [2mready in [0m[1m1643[22m[2m[0m ms[22m

  [32m➜[39m  [1mLocal[22m:   [36mhttp://127.0.0.1:[1m5173[22m/[39m
[2m[32m  ➜[39m[22m[2m  press [22m[1mh + enter[22m[2m to show help[22m
[2m2:59:30 pm[22m [36m[1m[vite][22m[39m [32mhmr update [39m[2m/src/components/Sidebar.jsx, /src/index.css[22m
[2m2:59:51 pm[22m [36m[1m[vite][22m[39m [32mhmr update [39m[2m/src/components/Sidebar.jsx, /src/index.css[22m
[2m3:00:08 pm[22m [36m[1m[vite][22m[39m [32mhmr update [39m[2m/src/components/Sidebar.jsx, /src/index.css[22m
[2m3:00:20 pm[22m [36m[1m[vite][22m[39m [32mhmr update [39m[2m/src/components/Sidebar.jsx, /src/index.css[22m
[2m3:00:51 pm[22m [36m[1m[vite][22m[39m [32mhmr update [39m[2m/src/components/Sidebar.jsx, /src/index.css[22m
[2m3:05:32 pm[22m [36m[1m[vite][22m[39m [32mhmr update [39m[2m/src/components/calendar/CalendarEventBlock.jsx, /src/index.css[22m
[2m5:01:33 pm[22m [36m[1m[vite][22m[39m [32mhmr update [39m[2m/src/components/Sidebar.jsx, /src/index.css[22m
[2m5:05:15 pm[22m [36m[1m[vite][22m[39m [32mhmr update [39m[2m/src/index.css, /src/components/CalendarPage.jsx[22m
[2m5:05:31 pm[22m [36m[1m[vite][22m[39m [32mhmr update [39m[2m/src/index.css, /src/components/CalendarPage.jsx[22m
[2m5:06:24 pm[22m [36m[1m[vite][22m[39m [32mhmr update [39m[2m/src/components/CalendarPage.jsx, /src/index.css[22m
[2m5:06:36 pm[22m [36m[1m[vite][22m[39m [32mhmr update [39m[2m/src/components/CalendarPage.jsx, /src/index.css[22m
[2m5:06:55 pm[22m [36m[1m[vite][22m[39m [32mhmr update [39m[2m/src/components/CalendarPage.jsx, /src/index.css[22m
[2m5:07:18 pm[22m [36m[1m[vite][22m[39m [32mhmr update [39m[2m/src/components/CalendarPage.jsx, /src/index.css[22m
[2m5:08:46 pm[22m [36m[1m[vite][22m[39m [32mhmr update [39m[2m/src/index.css, /src/components/CalendarPage.jsx[22m
[2m5:11:16 pm[22m [36m[1m[vite][22m[39m [32mhmr update [39m[2m/src/index.css, /src/components/CalendarPage.jsx[22m
[2m5:16:07 pm[22m [36m[1m[vite][22m[39m [32mhmr update [39m[2m/src/components/CalendarPage.jsx, /src/index.css[22m
[2m5:16:24 pm[22m [36m[1m[vite][22m[39m [32mhmr update [39m[2m/src/components/CalendarPage.jsx, /src/index.css[22m
[2m5:16:39 pm[22m [36m[1m[vite][22m[39m [32mhmr update [39m[2m/src/components/CalendarPage.jsx, /src/index.css[22m
[2m5:17:04 pm[22m [36m[1m[vite][22m[39m [32mhmr update [39m[2m/src/components/CalendarPage.jsx, /src/index.css[22m
[2m5:17:50 pm[22m [36m[1m[vite][22m[39m [32mhmr update [39m[2m/src/components/calendar/MonthView.jsx, /src/index.css[22m
[2m5:17:50 pm[22m [36m[1m[vite][22m[39m [32mhmr update [39m[2m/src/components/calendar/MonthView.jsx, /src/index.css[22m
[2m5:18:10 pm[22m [36m[1m[vite][22m[39m [32mhmr update [39m[2m/src/components/calendar/WeekView.jsx, /src/index.css[22m
[2m5:18:22 pm[22m [36m[1m[vite][22m[39m [32mhmr update [39m[2m/src/components/calendar/WeekView.jsx, /src/index.css[22m
[2m5:18:41 pm[22m [36m[1m[vite][22m[39m [32mhmr update [39m[2m/src/components/calendar/DayView.jsx, /src/index.css[22m
[2m5:19:15 pm[22m [36m[1m[vite][22m[39m [32mhmr update [39m[2m/src/components/calendar/AgendaView.jsx, /src/index.css[22m
[2m5:53:16 pm[22m [36m[1m[vite][22m[39m [32mhmr update [39m[2m/src/components/calendar/DayActivityPopover.jsx, /src/index.css[22m
[2m5:53:16 pm[22m [36m[1m[vite][22m[39m [32mhmr update [39m[2m/src/components/calendar/DayActivityPopover.jsx, /src/index.css[22m
[2m5:53:57 pm[22m [36m[1m[vite][22m[39m [32mhmr update [39m[2m/src/components/calendar/MonthView.jsx, /src/index.css[22m
[2m5:59:59 pm[22m [36m[1m[vite][22m[39m [32mhmr update [39m[2m/src/components/calendar/CustomEventModal.jsx, /src/index.css[22m
