⚠️  [AI_ROUTES] Skipping AI mount: aiRoutes missing /health or /config public endpoint (undefined callback risk)
Failed to send email: Error: Missing credentials for "PLAIN"
    at SMTPConnection._formatError (c:\Users\USER\Desktop\DocumentManagementSystem\backend\node_modules\nodemailer\lib\smtp-connection\index.js:790:19)
    at SMTPConnection.login (c:\Users\USER\Desktop\DocumentManagementSystem\backend\node_modules\nodemailer\lib\smtp-connection\index.js:444:38)
    at c:\Users\USER\Desktop\DocumentManagementSystem\backend\node_modules\nodemailer\lib\smtp-transport\index.js:272:32
    at SMTPConnection.<anonymous> (c:\Users\USER\Desktop\DocumentManagementSystem\backend\node_modules\nodemailer\lib\smtp-connection\index.js:213:17)
    at Object.onceWrapper (node:events:622:28)
    at SMTPConnection.emit (node:events:508:28)
    at SMTPConnection._actionEHLO (c:\Users\USER\Desktop\DocumentManagementSystem\backend\node_modules\nodemailer\lib\smtp-connection\index.js:1347:14)
    at SMTPConnection._processResponse (c:\Users\USER\Desktop\DocumentManagementSystem\backend\node_modules\nodemailer\lib\smtp-connection\index.js:969:20)
    at SMTPConnection._onData (c:\Users\USER\Desktop\DocumentManagementSystem\backend\node_modules\nodemailer\lib\smtp-connection\index.js:755:14)
    at SMTPConnection._onSocketData (c:\Users\USER\Desktop\DocumentManagementSystem\backend\node_modules\nodemailer\lib\smtp-connection\index.js:193:44)
    at TLSSocket.emit (node:events:508:28)
    at addChunk (node:internal/streams/readable:563:12)
    at readableAddChunkPushByteMode (node:internal/streams/readable:514:3)
    at Readable.push (node:internal/streams/readable:394:5)
    at TLSWrap.onStreamRead (node:internal/stream_base_commons:189:23) {
  code: 'EAUTH',
  command: 'API'
}
Failed to send documentExpired email: Error: Missing credentials for "PLAIN"
    at SMTPConnection._formatError (c:\Users\USER\Desktop\DocumentManagementSystem\backend\node_modules\nodemailer\lib\smtp-connection\index.js:790:19)
    at SMTPConnection.login (c:\Users\USER\Desktop\DocumentManagementSystem\backend\node_modules\nodemailer\lib\smtp-connection\index.js:444:38)
    at c:\Users\USER\Desktop\DocumentManagementSystem\backend\node_modules\nodemailer\lib\smtp-transport\index.js:272:32
    at SMTPConnection.<anonymous> (c:\Users\USER\Desktop\DocumentManagementSystem\backend\node_modules\nodemailer\lib\smtp-connection\index.js:213:17)
    at Object.onceWrapper (node:events:622:28)
    at SMTPConnection.emit (node:events:508:28)
    at SMTPConnection._actionEHLO (c:\Users\USER\Desktop\DocumentManagementSystem\backend\node_modules\nodemailer\lib\smtp-connection\index.js:1347:14)
    at SMTPConnection._processResponse (c:\Users\USER\Desktop\DocumentManagementSystem\backend\node_modules\nodemailer\lib\smtp-connection\index.js:969:20)
    at SMTPConnection._onData (c:\Users\USER\Desktop\DocumentManagementSystem\backend\node_modules\nodemailer\lib\smtp-connection\index.js:755:14)
    at SMTPConnection._onSocketData (c:\Users\USER\Desktop\DocumentManagementSystem\backend\node_modules\nodemailer\lib\smtp-connection\index.js:193:44)
    at TLSSocket.emit (node:events:508:28)
    at addChunk (node:internal/streams/readable:563:12)
    at readableAddChunkPushByteMode (node:internal/streams/readable:514:3)
    at Readable.push (node:internal/streams/readable:394:5)
    at TLSWrap.onStreamRead (node:internal/stream_base_commons:189:23) {
  code: 'EAUTH',
  command: 'API'
}
Failed to send email notification for documentExpired: Error: Missing credentials for "PLAIN"
    at SMTPConnection._formatError (c:\Users\USER\Desktop\DocumentManagementSystem\backend\node_modules\nodemailer\lib\smtp-connection\index.js:790:19)
    at SMTPConnection.login (c:\Users\USER\Desktop\DocumentManagementSystem\backend\node_modules\nodemailer\lib\smtp-connection\index.js:444:38)
    at c:\Users\USER\Desktop\DocumentManagementSystem\backend\node_modules\nodemailer\lib\smtp-transport\index.js:272:32
    at SMTPConnection.<anonymous> (c:\Users\USER\Desktop\DocumentManagementSystem\backend\node_modules\nodemailer\lib\smtp-connection\index.js:213:17)
    at Object.onceWrapper (node:events:622:28)
    at SMTPConnection.emit (node:events:508:28)
    at SMTPConnection._actionEHLO (c:\Users\USER\Desktop\DocumentManagementSystem\backend\node_modules\nodemailer\lib\smtp-connection\index.js:1347:14)
    at SMTPConnection._processResponse (c:\Users\USER\Desktop\DocumentManagementSystem\backend\node_modules\nodemailer\lib\smtp-connection\index.js:969:20)
    at SMTPConnection._onData (c:\Users\USER\Desktop\DocumentManagementSystem\backend\node_modules\nodemailer\lib\smtp-connection\index.js:755:14)
    at SMTPConnection._onSocketData (c:\Users\USER\Desktop\DocumentManagementSystem\backend\node_modules\nodemailer\lib\smtp-connection\index.js:193:44)
    at TLSSocket.emit (node:events:508:28)
    at addChunk (node:internal/streams/readable:563:12)
    at readableAddChunkPushByteMode (node:internal/streams/readable:514:3)
    at Readable.push (node:internal/streams/readable:394:5)
    at TLSWrap.onStreamRead (node:internal/stream_base_commons:189:23) {
  code: 'EAUTH',
  command: 'API'
}
Failed to send email: Error: Missing credentials for "PLAIN"
    at SMTPConnection._formatError (c:\Users\USER\Desktop\DocumentManagementSystem\backend\node_modules\nodemailer\lib\smtp-connection\index.js:790:19)
    at SMTPConnection.login (c:\Users\USER\Desktop\DocumentManagementSystem\backend\node_modules\nodemailer\lib\smtp-connection\index.js:444:38)
    at c:\Users\USER\Desktop\DocumentManagementSystem\backend\node_modules\nodemailer\lib\smtp-transport\index.js:272:32
    at SMTPConnection.<anonymous> (c:\Users\USER\Desktop\DocumentManagementSystem\backend\node_modules\nodemailer\lib\smtp-connection\index.js:213:17)
    at Object.onceWrapper (node:events:622:28)
    at SMTPConnection.emit (node:events:508:28)
    at SMTPConnection._actionEHLO (c:\Users\USER\Desktop\DocumentManagementSystem\backend\node_modules\nodemailer\lib\smtp-connection\index.js:1347:14)
    at SMTPConnection._processResponse (c:\Users\USER\Desktop\DocumentManagementSystem\backend\node_modules\nodemailer\lib\smtp-connection\index.js:969:20)
    at SMTPConnection._onData (c:\Users\USER\Desktop\DocumentManagementSystem\backend\node_modules\nodemailer\lib\smtp-connection\index.js:755:14)
    at SMTPConnection._onSocketData (c:\Users\USER\Desktop\DocumentManagementSystem\backend\node_modules\nodemailer\lib\smtp-connection\index.js:193:44)
    at TLSSocket.emit (node:events:508:28)
    at addChunk (node:internal/streams/readable:563:12)
    at readableAddChunkPushByteMode (node:internal/streams/readable:514:3)
    at Readable.push (node:internal/streams/readable:394:5)
    at TLSWrap.onStreamRead (node:internal/stream_base_commons:189:23) {
  code: 'EAUTH',
  command: 'API'
}
Failed to send email notification for reviewRequired: Error: Missing credentials for "PLAIN"
    at SMTPConnection._formatError (c:\Users\USER\Desktop\DocumentManagementSystem\backend\node_modules\nodemailer\lib\smtp-connection\index.js:790:19)
    at SMTPConnection.login (c:\Users\USER\Desktop\DocumentManagementSystem\backend\node_modules\nodemailer\lib\smtp-connection\index.js:444:38)
    at c:\Users\USER\Desktop\DocumentManagementSystem\backend\node_modules\nodemailer\lib\smtp-transport\index.js:272:32
    at SMTPConnection.<anonymous> (c:\Users\USER\Desktop\DocumentManagementSystem\backend\node_modules\nodemailer\lib\smtp-connection\index.js:213:17)
    at Object.onceWrapper (node:events:622:28)
    at SMTPConnection.emit (node:events:508:28)
    at SMTPConnection._actionEHLO (c:\Users\USER\Desktop\DocumentManagementSystem\backend\node_modules\nodemailer\lib\smtp-connection\index.js:1347:14)
    at SMTPConnection._processResponse (c:\Users\USER\Desktop\DocumentManagementSystem\backend\node_modules\nodemailer\lib\smtp-connection\index.js:969:20)
    at SMTPConnection._onData (c:\Users\USER\Desktop\DocumentManagementSystem\backend\node_modules\nodemailer\lib\smtp-connection\index.js:755:14)
    at SMTPConnection._onSocketData (c:\Users\USER\Desktop\DocumentManagementSystem\backend\node_modules\nodemailer\lib\smtp-connection\index.js:193:44)
    at TLSSocket.emit (node:events:508:28)
    at addChunk (node:internal/streams/readable:563:12)
    at readableAddChunkPushByteMode (node:internal/streams/readable:514:3)
    at Readable.push (node:internal/streams/readable:394:5)
    at TLSWrap.onStreamRead (node:internal/stream_base_commons:189:23) {
  code: 'EAUTH',
  command: 'API'
}
Failed to send email: Error: Missing credentials for "PLAIN"
    at SMTPConnection._formatError (c:\Users\USER\Desktop\DocumentManagementSystem\backend\node_modules\nodemailer\lib\smtp-connection\index.js:790:19)
    at SMTPConnection.login (c:\Users\USER\Desktop\DocumentManagementSystem\backend\node_modules\nodemailer\lib\smtp-connection\index.js:444:38)
    at c:\Users\USER\Desktop\DocumentManagementSystem\backend\node_modules\nodemailer\lib\smtp-transport\index.js:272:32
    at SMTPConnection.<anonymous> (c:\Users\USER\Desktop\DocumentManagementSystem\backend\node_modules\nodemailer\lib\smtp-connection\index.js:213:17)
    at Object.onceWrapper (node:events:622:28)
    at SMTPConnection.emit (node:events:508:28)
    at SMTPConnection._actionEHLO (c:\Users\USER\Desktop\DocumentManagementSystem\backend\node_modules\nodemailer\lib\smtp-connection\index.js:1347:14)
    at SMTPConnection._processResponse (c:\Users\USER\Desktop\DocumentManagementSystem\backend\node_modules\nodemailer\lib\smtp-connection\index.js:969:20)
    at SMTPConnection._onData (c:\Users\USER\Desktop\DocumentManagementSystem\backend\node_modules\nodemailer\lib\smtp-connection\index.js:755:14)
    at SMTPConnection._onSocketData (c:\Users\USER\Desktop\DocumentManagementSystem\backend\node_modules\nodemailer\lib\smtp-connection\index.js:193:44)
    at TLSSocket.emit (node:events:508:28)
    at addChunk (node:internal/streams/readable:563:12)
    at readableAddChunkPushByteMode (node:internal/streams/readable:514:3)
    at Readable.push (node:internal/streams/readable:394:5)
    at TLSWrap.onStreamRead (node:internal/stream_base_commons:189:23) {
  code: 'EAUTH',
  command: 'API'
}
Failed to send email notification for reviewRequired: Error: Missing credentials for "PLAIN"
    at SMTPConnection._formatError (c:\Users\USER\Desktop\DocumentManagementSystem\backend\node_modules\nodemailer\lib\smtp-connection\index.js:790:19)
    at SMTPConnection.login (c:\Users\USER\Desktop\DocumentManagementSystem\backend\node_modules\nodemailer\lib\smtp-connection\index.js:444:38)
    at c:\Users\USER\Desktop\DocumentManagementSystem\backend\node_modules\nodemailer\lib\smtp-transport\index.js:272:32
    at SMTPConnection.<anonymous> (c:\Users\USER\Desktop\DocumentManagementSystem\backend\node_modules\nodemailer\lib\smtp-connection\index.js:213:17)
    at Object.onceWrapper (node:events:622:28)
    at SMTPConnection.emit (node:events:508:28)
    at SMTPConnection._actionEHLO (c:\Users\USER\Desktop\DocumentManagementSystem\backend\node_modules\nodemailer\lib\smtp-connection\index.js:1347:14)
    at SMTPConnection._processResponse (c:\Users\USER\Desktop\DocumentManagementSystem\backend\node_modules\nodemailer\lib\smtp-connection\index.js:969:20)
    at SMTPConnection._onData (c:\Users\USER\Desktop\DocumentManagementSystem\backend\node_modules\nodemailer\lib\smtp-connection\index.js:755:14)
    at SMTPConnection._onSocketData (c:\Users\USER\Desktop\DocumentManagementSystem\backend\node_modules\nodemailer\lib\smtp-connection\index.js:193:44)
    at TLSSocket.emit (node:events:508:28)
    at addChunk (node:internal/streams/readable:563:12)
    at readableAddChunkPushByteMode (node:internal/streams/readable:514:3)
    at Readable.push (node:internal/streams/readable:394:5)
    at TLSWrap.onStreamRead (node:internal/stream_base_commons:189:23) {
  code: 'EAUTH',
  command: 'API'
}
Failed to send email: Error: Missing credentials for "PLAIN"
    at SMTPConnection._formatError (c:\Users\USER\Desktop\DocumentManagementSystem\backend\node_modules\nodemailer\lib\smtp-connection\index.js:790:19)
    at SMTPConnection.login (c:\Users\USER\Desktop\DocumentManagementSystem\backend\node_modules\nodemailer\lib\smtp-connection\index.js:444:38)
    at c:\Users\USER\Desktop\DocumentManagementSystem\backend\node_modules\nodemailer\lib\smtp-transport\index.js:272:32
    at SMTPConnection.<anonymous> (c:\Users\USER\Desktop\DocumentManagementSystem\backend\node_modules\nodemailer\lib\smtp-connection\index.js:213:17)
    at Object.onceWrapper (node:events:622:28)
    at SMTPConnection.emit (node:events:508:28)
    at SMTPConnection._actionEHLO (c:\Users\USER\Desktop\DocumentManagementSystem\backend\node_modules\nodemailer\lib\smtp-connection\index.js:1347:14)
    at SMTPConnection._processResponse (c:\Users\USER\Desktop\DocumentManagementSystem\backend\node_modules\nodemailer\lib\smtp-connection\index.js:969:20)
    at SMTPConnection._onData (c:\Users\USER\Desktop\DocumentManagementSystem\backend\node_modules\nodemailer\lib\smtp-connection\index.js:755:14)
    at SMTPConnection._onSocketData (c:\Users\USER\Desktop\DocumentManagementSystem\backend\node_modules\nodemailer\lib\smtp-connection\index.js:193:44)
    at TLSSocket.emit (node:events:508:28)
    at addChunk (node:internal/streams/readable:563:12)
    at readableAddChunkPushByteMode (node:internal/streams/readable:514:3)
    at Readable.push (node:internal/streams/readable:394:5)
    at TLSWrap.onStreamRead (node:internal/stream_base_commons:189:23) {
  code: 'EAUTH',
  command: 'API'
}
Failed to send email notification for reviewRequired: Error: Missing credentials for "PLAIN"
    at SMTPConnection._formatError (c:\Users\USER\Desktop\DocumentManagementSystem\backend\node_modules\nodemailer\lib\smtp-connection\index.js:790:19)
    at SMTPConnection.login (c:\Users\USER\Desktop\DocumentManagementSystem\backend\node_modules\nodemailer\lib\smtp-connection\index.js:444:38)
    at c:\Users\USER\Desktop\DocumentManagementSystem\backend\node_modules\nodemailer\lib\smtp-transport\index.js:272:32
    at SMTPConnection.<anonymous> (c:\Users\USER\Desktop\DocumentManagementSystem\backend\node_modules\nodemailer\lib\smtp-connection\index.js:213:17)
    at Object.onceWrapper (node:events:622:28)
    at SMTPConnection.emit (node:events:508:28)
    at SMTPConnection._actionEHLO (c:\Users\USER\Desktop\DocumentManagementSystem\backend\node_modules\nodemailer\lib\smtp-connection\index.js:1347:14)
    at SMTPConnection._processResponse (c:\Users\USER\Desktop\DocumentManagementSystem\backend\node_modules\nodemailer\lib\smtp-connection\index.js:969:20)
    at SMTPConnection._onData (c:\Users\USER\Desktop\DocumentManagementSystem\backend\node_modules\nodemailer\lib\smtp-connection\index.js:755:14)
    at SMTPConnection._onSocketData (c:\Users\USER\Desktop\DocumentManagementSystem\backend\node_modules\nodemailer\lib\smtp-connection\index.js:193:44)
    at TLSSocket.emit (node:events:508:28)
    at addChunk (node:internal/streams/readable:563:12)
    at readableAddChunkPushByteMode (node:internal/streams/readable:514:3)
    at Readable.push (node:internal/streams/readable:394:5)
    at TLSWrap.onStreamRead (node:internal/stream_base_commons:189:23) {
  code: 'EAUTH',
  command: 'API'
}
Failed to send email: Error: Missing credentials for "PLAIN"
    at SMTPConnection._formatError (c:\Users\USER\Desktop\DocumentManagementSystem\backend\node_modules\nodemailer\lib\smtp-connection\index.js:790:19)
    at SMTPConnection.login (c:\Users\USER\Desktop\DocumentManagementSystem\backend\node_modules\nodemailer\lib\smtp-connection\index.js:444:38)
    at c:\Users\USER\Desktop\DocumentManagementSystem\backend\node_modules\nodemailer\lib\smtp-transport\index.js:272:32
    at SMTPConnection.<anonymous> (c:\Users\USER\Desktop\DocumentManagementSystem\backend\node_modules\nodemailer\lib\smtp-connection\index.js:213:17)
    at Object.onceWrapper (node:events:622:28)
    at SMTPConnection.emit (node:events:508:28)
    at SMTPConnection._actionEHLO (c:\Users\USER\Desktop\DocumentManagementSystem\backend\node_modules\nodemailer\lib\smtp-connection\index.js:1347:14)
    at SMTPConnection._processResponse (c:\Users\USER\Desktop\DocumentManagementSystem\backend\node_modules\nodemailer\lib\smtp-connection\index.js:969:20)
    at SMTPConnection._onData (c:\Users\USER\Desktop\DocumentManagementSystem\backend\node_modules\nodemailer\lib\smtp-connection\index.js:755:14)
    at SMTPConnection._onSocketData (c:\Users\USER\Desktop\DocumentManagementSystem\backend\node_modules\nodemailer\lib\smtp-connection\index.js:193:44)
    at TLSSocket.emit (node:events:508:28)
    at addChunk (node:internal/streams/readable:563:12)
    at readableAddChunkPushByteMode (node:internal/streams/readable:514:3)
    at Readable.push (node:internal/streams/readable:394:5)
    at TLSWrap.onStreamRead (node:internal/stream_base_commons:189:23) {
  code: 'EAUTH',
  command: 'API'
}
Failed to send email notification for reviewRequired: Error: Missing credentials for "PLAIN"
    at SMTPConnection._formatError (c:\Users\USER\Desktop\DocumentManagementSystem\backend\node_modules\nodemailer\lib\smtp-connection\index.js:790:19)
    at SMTPConnection.login (c:\Users\USER\Desktop\DocumentManagementSystem\backend\node_modules\nodemailer\lib\smtp-connection\index.js:444:38)
    at c:\Users\USER\Desktop\DocumentManagementSystem\backend\node_modules\nodemailer\lib\smtp-transport\index.js:272:32
    at SMTPConnection.<anonymous> (c:\Users\USER\Desktop\DocumentManagementSystem\backend\node_modules\nodemailer\lib\smtp-connection\index.js:213:17)
    at Object.onceWrapper (node:events:622:28)
    at SMTPConnection.emit (node:events:508:28)
    at SMTPConnection._actionEHLO (c:\Users\USER\Desktop\DocumentManagementSystem\backend\node_modules\nodemailer\lib\smtp-connection\index.js:1347:14)
    at SMTPConnection._processResponse (c:\Users\USER\Desktop\DocumentManagementSystem\backend\node_modules\nodemailer\lib\smtp-connection\index.js:969:20)
    at SMTPConnection._onData (c:\Users\USER\Desktop\DocumentManagementSystem\backend\node_modules\nodemailer\lib\smtp-connection\index.js:755:14)
    at SMTPConnection._onSocketData (c:\Users\USER\Desktop\DocumentManagementSystem\backend\node_modules\nodemailer\lib\smtp-connection\index.js:193:44)
    at TLSSocket.emit (node:events:508:28)
    at addChunk (node:internal/streams/readable:563:12)
    at readableAddChunkPushByteMode (node:internal/streams/readable:514:3)
    at Readable.push (node:internal/streams/readable:394:5)
    at TLSWrap.onStreamRead (node:internal/stream_base_commons:189:23) {
  code: 'EAUTH',
  command: 'API'
}
