[2026-09-22T13:48:42] ===== Restart Backend + Calendar Smoke Test =====
[2026-09-22T13:48:42] --- Step A: Verify MySQL on 3306 ---
[2026-09-22T13:48:43]   MySQL: UP=True PID=14404
[2026-09-22T13:48:43] --- Step B: Kill old backend processes ---
[2026-09-22T13:48:47]   Killed: port4001:18156, port4001:18156, node:5424, node:7720, node:12676, node:16580
[2026-09-22T13:48:47] --- Step C: Start Backend (PID tracking) ---
[2026-09-22T13:48:48]   Backend launched PID=18228
[2026-09-22T13:48:48]   Polling GET /api/public/branding until HTTP<500 (max 30s)...
[2026-09-22T13:49:09]   Branding result: UP=True (HTTP 200 after 21.1572614s)
[2026-09-22T13:49:09] 
[2026-09-22T13:49:09] --- Step D: Calendar API smoke test ---
[2026-09-22T13:49:09]   5a) POST /api/auth/login admin@company.com / Admin@123 ...
[2026-09-22T13:49:12]      Login HTTP = 200
[2026-09-22T13:49:12]      Token found: True  (len=393)
[2026-09-22T13:49:12]   5b) GET /api/calendar?from=2026-09-01&to=2026-09-30
[2026-09-22T13:49:13]      Calendar HTTP = 500
[2026-09-22T13:49:13]      Prisma 'not: DateTime' Error = True
[2026-09-22T13:49:13]      Body (first 400 chars):
[2026-09-22T13:49:13]        > {"success":false,"message":"\nInvalid `prisma.documentShareLink.findMany()` invocation:\n\n{\n  where: {\n    expiresAt: {\n      gte: new Date(\"2026-09-01T00:00:00.000Z\"),\n      lte: new Date(\"2026-09-30T00:00:00.000Z\"),\n+     not: DateTime\n    }\n  },\n  include: {\n    createdBy: true,\n    document: true\n  }\n}\n\nArgument `not` must not be null."}
[2026-09-22T13:49:13]      Status = FAIL
[2026-09-22T13:49:13] 
[2026-09-22T13:49:14] --- Step E: Verify Frontend port 5173 ---
[2026-09-22T13:49:15]   Frontend: DOWN. Launching Vite...
[2026-09-22T13:49:15]   Vite launched PID=26940, polling / (max 60s)...
[2026-09-22T13:49:30]   Frontend after launch: UP=True after 14.446932s
[2026-09-22T13:49:30] 
[2026-09-22T13:49:30] ===========================================================
[2026-09-22T13:49:30]                 FINAL STATUS  (AFTER FIX)
[2026-09-22T13:49:30] ===========================================================
[2026-09-22T13:49:30] MYSQL    = UP    PID=14404
[2026-09-22T13:49:30] BACKEND  = UP    PID=18228
[2026-09-22T13:49:30]   CALENDAR SMOKE = FAIL
[2026-09-22T13:49:30]     Login HTTP    = 200
[2026-09-22T13:49:30]     Got JWT       = True
[2026-09-22T13:49:30]     Calendar HTTP = 500
[2026-09-22T13:49:30]     Prisma DateTime Error = True
[2026-09-22T13:49:30]     Cal Body (first 400 chars):
[2026-09-22T13:49:30]       {"success":false,"message":"\nInvalid `prisma.documentShareLink.findMany()` invocation:\n\n{\n  where: {\n    expiresAt: {\n      gte: new Date(\"2026-09-01T00:00:00.000Z\"),\n      lte: new Date(\"2026-09-30T00:00:00.000Z\"),\n+     not: DateTime\n    }\n  },\n  include: {\n    createdBy: true,\n    document: true\n  }\n}\n\nArgument `not` must not be null."}
[2026-09-22T13:49:30] FRONTEND = UP    PID=26940
[2026-09-22T13:49:30] ===========================================================
[2026-09-22T13:49:30] Report saved to c:\Users\USER\Desktop\DocumentManagementSystem\_FINAL_AFTER_FIX.txt
