⚠️  [AI_ROUTES] Skipping AI mount: aiRoutes missing /health or /config public endpoint (undefined callback risk)
[OPERATIONAL ERROR] GET /api/epc-registry/status
Error: No token provided
    at authenticate (C:\Users\USER\Desktop\DocumentManagementSystem\backend\src\middleware\auth.js:17:13)
    at Layer.handle [as handle_request] (C:\Users\USER\Desktop\DocumentManagementSystem\backend\node_modules\express\lib\router\layer.js:95:5)
    at trim_prefix (C:\Users\USER\Desktop\DocumentManagementSystem\backend\node_modules\express\lib\router\index.js:328:13)
    at C:\Users\USER\Desktop\DocumentManagementSystem\backend\node_modules\express\lib\router\index.js:286:9
    at router.process_params (C:\Users\USER\Desktop\DocumentManagementSystem\backend\node_modules\express\lib\router\index.js:346:12)
    at next (C:\Users\USER\Desktop\DocumentManagementSystem\backend\node_modules\express\lib\router\index.js:280:10)
    at router.handle (C:\Users\USER\Desktop\DocumentManagementSystem\backend\node_modules\express\lib\router\index.js:175:3)
    at router (C:\Users\USER\Desktop\DocumentManagementSystem\backend\node_modules\express\lib\router\index.js:47:12)
    at Layer.handle [as handle_request] (C:\Users\USER\Desktop\DocumentManagementSystem\backend\node_modules\express\lib\router\layer.js:95:5)
    at trim_prefix (C:\Users\USER\Desktop\DocumentManagementSystem\backend\node_modules\express\lib\router\index.js:328:13)
    at C:\Users\USER\Desktop\DocumentManagementSystem\backend\node_modules\express\lib\router\index.js:286:9
    at router.process_params (C:\Users\USER\Desktop\DocumentManagementSystem\backend\node_modules\express\lib\router\index.js:346:12)
    at next (C:\Users\USER\Desktop\DocumentManagementSystem\backend\node_modules\express\lib\router\index.js:280:10)
    at C:\Users\USER\Desktop\DocumentManagementSystem\backend\src\app.js:130:3
    at Layer.handle [as handle_request] (C:\Users\USER\Desktop\DocumentManagementSystem\backend\node_modules\express\lib\router\layer.js:95:5)
    at trim_prefix (C:\Users\USER\Desktop\DocumentManagementSystem\backend\node_modules\express\lib\router\index.js:328:13)
    at C:\Users\USER\Desktop\DocumentManagementSystem\backend\node_modules\express\lib\router\index.js:286:9
    at router.process_params (C:\Users\USER\Desktop\DocumentManagementSystem\backend\node_modules\express\lib\router\index.js:346:12)
    at next (C:\Users\USER\Desktop\DocumentManagementSystem\backend\node_modules\express\lib\router\index.js:280:10)
    at urlencodedParser (C:\Users\USER\Desktop\DocumentManagementSystem\backend\node_modules\body-parser\lib\types\urlencoded.js:94:7)
    at Layer.handle [as handle_request] (C:\Users\USER\Desktop\DocumentManagementSystem\backend\node_modules\express\lib\router\layer.js:95:5)
    at trim_prefix (C:\Users\USER\Desktop\DocumentManagementSystem\backend\node_modules\express\lib\router\index.js:328:13)
[OPERATIONAL ERROR] GET /api/reports/dashboard
Error: No token provided
    at authenticate (C:\Users\USER\Desktop\DocumentManagementSystem\backend\src\middleware\auth.js:17:13)
    at Layer.handle [as handle_request] (C:\Users\USER\Desktop\DocumentManagementSystem\backend\node_modules\express\lib\router\layer.js:95:5)
    at trim_prefix (C:\Users\USER\Desktop\DocumentManagementSystem\backend\node_modules\express\lib\router\index.js:328:13)
    at C:\Users\USER\Desktop\DocumentManagementSystem\backend\node_modules\express\lib\router\index.js:286:9
    at router.process_params (C:\Users\USER\Desktop\DocumentManagementSystem\backend\node_modules\express\lib\router\index.js:346:12)
    at next (C:\Users\USER\Desktop\DocumentManagementSystem\backend\node_modules\express\lib\router\index.js:280:10)
    at router.handle (C:\Users\USER\Desktop\DocumentManagementSystem\backend\node_modules\express\lib\router\index.js:175:3)
    at router (C:\Users\USER\Desktop\DocumentManagementSystem\backend\node_modules\express\lib\router\index.js:47:12)
    at Layer.handle [as handle_request] (C:\Users\USER\Desktop\DocumentManagementSystem\backend\node_modules\express\lib\router\layer.js:95:5)
    at trim_prefix (C:\Users\USER\Desktop\DocumentManagementSystem\backend\node_modules\express\lib\router\index.js:328:13)
    at C:\Users\USER\Desktop\DocumentManagementSystem\backend\node_modules\express\lib\router\index.js:286:9
    at router.process_params (C:\Users\USER\Desktop\DocumentManagementSystem\backend\node_modules\express\lib\router\index.js:346:12)
    at next (C:\Users\USER\Desktop\DocumentManagementSystem\backend\node_modules\express\lib\router\index.js:280:10)
    at C:\Users\USER\Desktop\DocumentManagementSystem\backend\src\app.js:130:3
    at Layer.handle [as handle_request] (C:\Users\USER\Desktop\DocumentManagementSystem\backend\node_modules\express\lib\router\layer.js:95:5)
    at trim_prefix (C:\Users\USER\Desktop\DocumentManagementSystem\backend\node_modules\express\lib\router\index.js:328:13)
    at C:\Users\USER\Desktop\DocumentManagementSystem\backend\node_modules\express\lib\router\index.js:286:9
    at router.process_params (C:\Users\USER\Desktop\DocumentManagementSystem\backend\node_modules\express\lib\router\index.js:346:12)
    at next (C:\Users\USER\Desktop\DocumentManagementSystem\backend\node_modules\express\lib\router\index.js:280:10)
    at urlencodedParser (C:\Users\USER\Desktop\DocumentManagementSystem\backend\node_modules\body-parser\lib\types\urlencoded.js:94:7)
    at Layer.handle [as handle_request] (C:\Users\USER\Desktop\DocumentManagementSystem\backend\node_modules\express\lib\router\layer.js:95:5)
    at trim_prefix (C:\Users\USER\Desktop\DocumentManagementSystem\backend\node_modules\express\lib\router\index.js:328:13)
[OPERATIONAL ERROR] GET /api/reports/dashboard-stats
Error: No token provided
    at authenticate (C:\Users\USER\Desktop\DocumentManagementSystem\backend\src\middleware\auth.js:17:13)
    at Layer.handle [as handle_request] (C:\Users\USER\Desktop\DocumentManagementSystem\backend\node_modules\express\lib\router\layer.js:95:5)
    at trim_prefix (C:\Users\USER\Desktop\DocumentManagementSystem\backend\node_modules\express\lib\router\index.js:328:13)
    at C:\Users\USER\Desktop\DocumentManagementSystem\backend\node_modules\express\lib\router\index.js:286:9
    at router.process_params (C:\Users\USER\Desktop\DocumentManagementSystem\backend\node_modules\express\lib\router\index.js:346:12)
    at next (C:\Users\USER\Desktop\DocumentManagementSystem\backend\node_modules\express\lib\router\index.js:280:10)
    at router.handle (C:\Users\USER\Desktop\DocumentManagementSystem\backend\node_modules\express\lib\router\index.js:175:3)
    at router (C:\Users\USER\Desktop\DocumentManagementSystem\backend\node_modules\express\lib\router\index.js:47:12)
    at Layer.handle [as handle_request] (C:\Users\USER\Desktop\DocumentManagementSystem\backend\node_modules\express\lib\router\layer.js:95:5)
    at trim_prefix (C:\Users\USER\Desktop\DocumentManagementSystem\backend\node_modules\express\lib\router\index.js:328:13)
    at C:\Users\USER\Desktop\DocumentManagementSystem\backend\node_modules\express\lib\router\index.js:286:9
    at router.process_params (C:\Users\USER\Desktop\DocumentManagementSystem\backend\node_modules\express\lib\router\index.js:346:12)
    at next (C:\Users\USER\Desktop\DocumentManagementSystem\backend\node_modules\express\lib\router\index.js:280:10)
    at C:\Users\USER\Desktop\DocumentManagementSystem\backend\src\app.js:130:3
    at Layer.handle [as handle_request] (C:\Users\USER\Desktop\DocumentManagementSystem\backend\node_modules\express\lib\router\layer.js:95:5)
    at trim_prefix (C:\Users\USER\Desktop\DocumentManagementSystem\backend\node_modules\express\lib\router\index.js:328:13)
    at C:\Users\USER\Desktop\DocumentManagementSystem\backend\node_modules\express\lib\router\index.js:286:9
    at router.process_params (C:\Users\USER\Desktop\DocumentManagementSystem\backend\node_modules\express\lib\router\index.js:346:12)
    at next (C:\Users\USER\Desktop\DocumentManagementSystem\backend\node_modules\express\lib\router\index.js:280:10)
    at urlencodedParser (C:\Users\USER\Desktop\DocumentManagementSystem\backend\node_modules\body-parser\lib\types\urlencoded.js:94:7)
    at Layer.handle [as handle_request] (C:\Users\USER\Desktop\DocumentManagementSystem\backend\node_modules\express\lib\router\layer.js:95:5)
    at trim_prefix (C:\Users\USER\Desktop\DocumentManagementSystem\backend\node_modules\express\lib\router\index.js:328:13)
[OPERATIONAL ERROR] GET /api/expiry-tracking/dashboard
Error: No token provided
    at authenticate (C:\Users\USER\Desktop\DocumentManagementSystem\backend\src\middleware\auth.js:17:13)
    at Layer.handle [as handle_request] (C:\Users\USER\Desktop\DocumentManagementSystem\backend\node_modules\express\lib\router\layer.js:95:5)
    at trim_prefix (C:\Users\USER\Desktop\DocumentManagementSystem\backend\node_modules\express\lib\router\index.js:328:13)
    at C:\Users\USER\Desktop\DocumentManagementSystem\backend\node_modules\express\lib\router\index.js:286:9
    at router.process_params (C:\Users\USER\Desktop\DocumentManagementSystem\backend\node_modules\express\lib\router\index.js:346:12)
    at next (C:\Users\USER\Desktop\DocumentManagementSystem\backend\node_modules\express\lib\router\index.js:280:10)
    at router.handle (C:\Users\USER\Desktop\DocumentManagementSystem\backend\node_modules\express\lib\router\index.js:175:3)
    at router (C:\Users\USER\Desktop\DocumentManagementSystem\backend\node_modules\express\lib\router\index.js:47:12)
    at Layer.handle [as handle_request] (C:\Users\USER\Desktop\DocumentManagementSystem\backend\node_modules\express\lib\router\layer.js:95:5)
    at trim_prefix (C:\Users\USER\Desktop\DocumentManagementSystem\backend\node_modules\express\lib\router\index.js:328:13)
    at C:\Users\USER\Desktop\DocumentManagementSystem\backend\node_modules\express\lib\router\index.js:286:9
    at router.process_params (C:\Users\USER\Desktop\DocumentManagementSystem\backend\node_modules\express\lib\router\index.js:346:12)
    at next (C:\Users\USER\Desktop\DocumentManagementSystem\backend\node_modules\express\lib\router\index.js:280:10)
    at C:\Users\USER\Desktop\DocumentManagementSystem\backend\src\app.js:130:3
    at Layer.handle [as handle_request] (C:\Users\USER\Desktop\DocumentManagementSystem\backend\node_modules\express\lib\router\layer.js:95:5)
    at trim_prefix (C:\Users\USER\Desktop\DocumentManagementSystem\backend\node_modules\express\lib\router\index.js:328:13)
    at C:\Users\USER\Desktop\DocumentManagementSystem\backend\node_modules\express\lib\router\index.js:286:9
    at router.process_params (C:\Users\USER\Desktop\DocumentManagementSystem\backend\node_modules\express\lib\router\index.js:346:12)
    at next (C:\Users\USER\Desktop\DocumentManagementSystem\backend\node_modules\express\lib\router\index.js:280:10)
    at urlencodedParser (C:\Users\USER\Desktop\DocumentManagementSystem\backend\node_modules\body-parser\lib\types\urlencoded.js:94:7)
    at Layer.handle [as handle_request] (C:\Users\USER\Desktop\DocumentManagementSystem\backend\node_modules\express\lib\router\layer.js:95:5)
    at trim_prefix (C:\Users\USER\Desktop\DocumentManagementSystem\backend\node_modules\express\lib\router\index.js:328:13)
[OPERATIONAL ERROR] GET /api/documents/my-status
Error: No token provided
    at authenticate (C:\Users\USER\Desktop\DocumentManagementSystem\backend\src\middleware\auth.js:17:13)
    at Layer.handle [as handle_request] (C:\Users\USER\Desktop\DocumentManagementSystem\backend\node_modules\express\lib\router\layer.js:95:5)
    at trim_prefix (C:\Users\USER\Desktop\DocumentManagementSystem\backend\node_modules\express\lib\router\index.js:328:13)
    at C:\Users\USER\Desktop\DocumentManagementSystem\backend\node_modules\express\lib\router\index.js:286:9
    at router.process_params (C:\Users\USER\Desktop\DocumentManagementSystem\backend\node_modules\express\lib\router\index.js:346:12)
    at next (C:\Users\USER\Desktop\DocumentManagementSystem\backend\node_modules\express\lib\router\index.js:280:10)
    at router.handle (C:\Users\USER\Desktop\DocumentManagementSystem\backend\node_modules\express\lib\router\index.js:175:3)
    at router (C:\Users\USER\Desktop\DocumentManagementSystem\backend\node_modules\express\lib\router\index.js:47:12)
    at Layer.handle [as handle_request] (C:\Users\USER\Desktop\DocumentManagementSystem\backend\node_modules\express\lib\router\layer.js:95:5)
    at trim_prefix (C:\Users\USER\Desktop\DocumentManagementSystem\backend\node_modules\express\lib\router\index.js:328:13)
    at C:\Users\USER\Desktop\DocumentManagementSystem\backend\node_modules\express\lib\router\index.js:286:9
    at router.process_params (C:\Users\USER\Desktop\DocumentManagementSystem\backend\node_modules\express\lib\router\index.js:346:12)
    at next (C:\Users\USER\Desktop\DocumentManagementSystem\backend\node_modules\express\lib\router\index.js:280:10)
    at C:\Users\USER\Desktop\DocumentManagementSystem\backend\src\app.js:130:3
    at Layer.handle [as handle_request] (C:\Users\USER\Desktop\DocumentManagementSystem\backend\node_modules\express\lib\router\layer.js:95:5)
    at trim_prefix (C:\Users\USER\Desktop\DocumentManagementSystem\backend\node_modules\express\lib\router\index.js:328:13)
    at C:\Users\USER\Desktop\DocumentManagementSystem\backend\node_modules\express\lib\router\index.js:286:9
    at router.process_params (C:\Users\USER\Desktop\DocumentManagementSystem\backend\node_modules\express\lib\router\index.js:346:12)
    at next (C:\Users\USER\Desktop\DocumentManagementSystem\backend\node_modules\express\lib\router\index.js:280:10)
    at urlencodedParser (C:\Users\USER\Desktop\DocumentManagementSystem\backend\node_modules\body-parser\lib\types\urlencoded.js:94:7)
    at Layer.handle [as handle_request] (C:\Users\USER\Desktop\DocumentManagementSystem\backend\node_modules\express\lib\router\layer.js:95:5)
    at trim_prefix (C:\Users\USER\Desktop\DocumentManagementSystem\backend\node_modules\express\lib\router\index.js:328:13)
[OPERATIONAL ERROR] GET /api/documents/review-approval
Error: No token provided
    at authenticate (C:\Users\USER\Desktop\DocumentManagementSystem\backend\src\middleware\auth.js:17:13)
    at Layer.handle [as handle_request] (C:\Users\USER\Desktop\DocumentManagementSystem\backend\node_modules\express\lib\router\layer.js:95:5)
    at trim_prefix (C:\Users\USER\Desktop\DocumentManagementSystem\backend\node_modules\express\lib\router\index.js:328:13)
    at C:\Users\USER\Desktop\DocumentManagementSystem\backend\node_modules\express\lib\router\index.js:286:9
    at router.process_params (C:\Users\USER\Desktop\DocumentManagementSystem\backend\node_modules\express\lib\router\index.js:346:12)
    at next (C:\Users\USER\Desktop\DocumentManagementSystem\backend\node_modules\express\lib\router\index.js:280:10)
    at router.handle (C:\Users\USER\Desktop\DocumentManagementSystem\backend\node_modules\express\lib\router\index.js:175:3)
    at router (C:\Users\USER\Desktop\DocumentManagementSystem\backend\node_modules\express\lib\router\index.js:47:12)
    at Layer.handle [as handle_request] (C:\Users\USER\Desktop\DocumentManagementSystem\backend\node_modules\express\lib\router\layer.js:95:5)
    at trim_prefix (C:\Users\USER\Desktop\DocumentManagementSystem\backend\node_modules\express\lib\router\index.js:328:13)
    at C:\Users\USER\Desktop\DocumentManagementSystem\backend\node_modules\express\lib\router\index.js:286:9
    at router.process_params (C:\Users\USER\Desktop\DocumentManagementSystem\backend\node_modules\express\lib\router\index.js:346:12)
    at next (C:\Users\USER\Desktop\DocumentManagementSystem\backend\node_modules\express\lib\router\index.js:280:10)
    at C:\Users\USER\Desktop\DocumentManagementSystem\backend\src\app.js:130:3
    at Layer.handle [as handle_request] (C:\Users\USER\Desktop\DocumentManagementSystem\backend\node_modules\express\lib\router\layer.js:95:5)
    at trim_prefix (C:\Users\USER\Desktop\DocumentManagementSystem\backend\node_modules\express\lib\router\index.js:328:13)
    at C:\Users\USER\Desktop\DocumentManagementSystem\backend\node_modules\express\lib\router\index.js:286:9
    at router.process_params (C:\Users\USER\Desktop\DocumentManagementSystem\backend\node_modules\express\lib\router\index.js:346:12)
    at next (C:\Users\USER\Desktop\DocumentManagementSystem\backend\node_modules\express\lib\router\index.js:280:10)
    at urlencodedParser (C:\Users\USER\Desktop\DocumentManagementSystem\backend\node_modules\body-parser\lib\types\urlencoded.js:94:7)
    at Layer.handle [as handle_request] (C:\Users\USER\Desktop\DocumentManagementSystem\backend\node_modules\express\lib\router\layer.js:95:5)
    at trim_prefix (C:\Users\USER\Desktop\DocumentManagementSystem\backend\node_modules\express\lib\router\index.js:328:13)
[OPERATIONAL ERROR] GET /api/calendar?from=2026-08-31T16:00:00.000Z&to=2026-09-29T16:00:00.000Z
Error: No token provided
    at authenticate (C:\Users\USER\Desktop\DocumentManagementSystem\backend\src\middleware\auth.js:17:13)
    at Layer.handle [as handle_request] (C:\Users\USER\Desktop\DocumentManagementSystem\backend\node_modules\express\lib\router\layer.js:95:5)
    at trim_prefix (C:\Users\USER\Desktop\DocumentManagementSystem\backend\node_modules\express\lib\router\index.js:328:13)
    at C:\Users\USER\Desktop\DocumentManagementSystem\backend\node_modules\express\lib\router\index.js:286:9
    at router.process_params (C:\Users\USER\Desktop\DocumentManagementSystem\backend\node_modules\express\lib\router\index.js:346:12)
    at next (C:\Users\USER\Desktop\DocumentManagementSystem\backend\node_modules\express\lib\router\index.js:280:10)
    at router.handle (C:\Users\USER\Desktop\DocumentManagementSystem\backend\node_modules\express\lib\router\index.js:175:3)
    at router (C:\Users\USER\Desktop\DocumentManagementSystem\backend\node_modules\express\lib\router\index.js:47:12)
    at Layer.handle [as handle_request] (C:\Users\USER\Desktop\DocumentManagementSystem\backend\node_modules\express\lib\router\layer.js:95:5)
    at trim_prefix (C:\Users\USER\Desktop\DocumentManagementSystem\backend\node_modules\express\lib\router\index.js:328:13)
    at C:\Users\USER\Desktop\DocumentManagementSystem\backend\node_modules\express\lib\router\index.js:286:9
    at router.process_params (C:\Users\USER\Desktop\DocumentManagementSystem\backend\node_modules\express\lib\router\index.js:346:12)
    at next (C:\Users\USER\Desktop\DocumentManagementSystem\backend\node_modules\express\lib\router\index.js:280:10)
    at C:\Users\USER\Desktop\DocumentManagementSystem\backend\src\app.js:130:3
    at Layer.handle [as handle_request] (C:\Users\USER\Desktop\DocumentManagementSystem\backend\node_modules\express\lib\router\layer.js:95:5)
    at trim_prefix (C:\Users\USER\Desktop\DocumentManagementSystem\backend\node_modules\express\lib\router\index.js:328:13)
    at C:\Users\USER\Desktop\DocumentManagementSystem\backend\node_modules\express\lib\router\index.js:286:9
    at router.process_params (C:\Users\USER\Desktop\DocumentManagementSystem\backend\node_modules\express\lib\router\index.js:346:12)
    at next (C:\Users\USER\Desktop\DocumentManagementSystem\backend\node_modules\express\lib\router\index.js:280:10)
    at urlencodedParser (C:\Users\USER\Desktop\DocumentManagementSystem\backend\node_modules\body-parser\lib\types\urlencoded.js:94:7)
    at Layer.handle [as handle_request] (C:\Users\USER\Desktop\DocumentManagementSystem\backend\node_modules\express\lib\router\layer.js:95:5)
    at trim_prefix (C:\Users\USER\Desktop\DocumentManagementSystem\backend\node_modules\express\lib\router\index.js:328:13)
[OPERATIONAL ERROR] GET /api/documents/my-status
Error: No token provided
    at authenticate (C:\Users\USER\Desktop\DocumentManagementSystem\backend\src\middleware\auth.js:17:13)
    at Layer.handle [as handle_request] (C:\Users\USER\Desktop\DocumentManagementSystem\backend\node_modules\express\lib\router\layer.js:95:5)
    at trim_prefix (C:\Users\USER\Desktop\DocumentManagementSystem\backend\node_modules\express\lib\router\index.js:328:13)
    at C:\Users\USER\Desktop\DocumentManagementSystem\backend\node_modules\express\lib\router\index.js:286:9
    at router.process_params (C:\Users\USER\Desktop\DocumentManagementSystem\backend\node_modules\express\lib\router\index.js:346:12)
    at next (C:\Users\USER\Desktop\DocumentManagementSystem\backend\node_modules\express\lib\router\index.js:280:10)
    at router.handle (C:\Users\USER\Desktop\DocumentManagementSystem\backend\node_modules\express\lib\router\index.js:175:3)
    at router (C:\Users\USER\Desktop\DocumentManagementSystem\backend\node_modules\express\lib\router\index.js:47:12)
    at Layer.handle [as handle_request] (C:\Users\USER\Desktop\DocumentManagementSystem\backend\node_modules\express\lib\router\layer.js:95:5)
    at trim_prefix (C:\Users\USER\Desktop\DocumentManagementSystem\backend\node_modules\express\lib\router\index.js:328:13)
    at C:\Users\USER\Desktop\DocumentManagementSystem\backend\node_modules\express\lib\router\index.js:286:9
    at router.process_params (C:\Users\USER\Desktop\DocumentManagementSystem\backend\node_modules\express\lib\router\index.js:346:12)
    at next (C:\Users\USER\Desktop\DocumentManagementSystem\backend\node_modules\express\lib\router\index.js:280:10)
    at C:\Users\USER\Desktop\DocumentManagementSystem\backend\src\app.js:130:3
    at Layer.handle [as handle_request] (C:\Users\USER\Desktop\DocumentManagementSystem\backend\node_modules\express\lib\router\layer.js:95:5)
    at trim_prefix (C:\Users\USER\Desktop\DocumentManagementSystem\backend\node_modules\express\lib\router\index.js:328:13)
    at C:\Users\USER\Desktop\DocumentManagementSystem\backend\node_modules\express\lib\router\index.js:286:9
    at router.process_params (C:\Users\USER\Desktop\DocumentManagementSystem\backend\node_modules\express\lib\router\index.js:346:12)
    at next (C:\Users\USER\Desktop\DocumentManagementSystem\backend\node_modules\express\lib\router\index.js:280:10)
    at urlencodedParser (C:\Users\USER\Desktop\DocumentManagementSystem\backend\node_modules\body-parser\lib\types\urlencoded.js:94:7)
    at Layer.handle [as handle_request] (C:\Users\USER\Desktop\DocumentManagementSystem\backend\node_modules\express\lib\router\layer.js:95:5)
    at trim_prefix (C:\Users\USER\Desktop\DocumentManagementSystem\backend\node_modules\express\lib\router\index.js:328:13)
[OPERATIONAL ERROR] GET /api/documents/review-approval
Error: No token provided
    at authenticate (C:\Users\USER\Desktop\DocumentManagementSystem\backend\src\middleware\auth.js:17:13)
    at Layer.handle [as handle_request] (C:\Users\USER\Desktop\DocumentManagementSystem\backend\node_modules\express\lib\router\layer.js:95:5)
    at trim_prefix (C:\Users\USER\Desktop\DocumentManagementSystem\backend\node_modules\express\lib\router\index.js:328:13)
    at C:\Users\USER\Desktop\DocumentManagementSystem\backend\node_modules\express\lib\router\index.js:286:9
    at router.process_params (C:\Users\USER\Desktop\DocumentManagementSystem\backend\node_modules\express\lib\router\index.js:346:12)
    at next (C:\Users\USER\Desktop\DocumentManagementSystem\backend\node_modules\express\lib\router\index.js:280:10)
    at router.handle (C:\Users\USER\Desktop\DocumentManagementSystem\backend\node_modules\express\lib\router\index.js:175:3)
    at router (C:\Users\USER\Desktop\DocumentManagementSystem\backend\node_modules\express\lib\router\index.js:47:12)
    at Layer.handle [as handle_request] (C:\Users\USER\Desktop\DocumentManagementSystem\backend\node_modules\express\lib\router\layer.js:95:5)
    at trim_prefix (C:\Users\USER\Desktop\DocumentManagementSystem\backend\node_modules\express\lib\router\index.js:328:13)
    at C:\Users\USER\Desktop\DocumentManagementSystem\backend\node_modules\express\lib\router\index.js:286:9
    at router.process_params (C:\Users\USER\Desktop\DocumentManagementSystem\backend\node_modules\express\lib\router\index.js:346:12)
    at next (C:\Users\USER\Desktop\DocumentManagementSystem\backend\node_modules\express\lib\router\index.js:280:10)
    at C:\Users\USER\Desktop\DocumentManagementSystem\backend\src\app.js:130:3
    at Layer.handle [as handle_request] (C:\Users\USER\Desktop\DocumentManagementSystem\backend\node_modules\express\lib\router\layer.js:95:5)
    at trim_prefix (C:\Users\USER\Desktop\DocumentManagementSystem\backend\node_modules\express\lib\router\index.js:328:13)
    at C:\Users\USER\Desktop\DocumentManagementSystem\backend\node_modules\express\lib\router\index.js:286:9
    at router.process_params (C:\Users\USER\Desktop\DocumentManagementSystem\backend\node_modules\express\lib\router\index.js:346:12)
    at next (C:\Users\USER\Desktop\DocumentManagementSystem\backend\node_modules\express\lib\router\index.js:280:10)
    at urlencodedParser (C:\Users\USER\Desktop\DocumentManagementSystem\backend\node_modules\body-parser\lib\types\urlencoded.js:94:7)
    at Layer.handle [as handle_request] (C:\Users\USER\Desktop\DocumentManagementSystem\backend\node_modules\express\lib\router\layer.js:95:5)
    at trim_prefix (C:\Users\USER\Desktop\DocumentManagementSystem\backend\node_modules\express\lib\router\index.js:328:13)
[OPERATIONAL ERROR] GET /api/calendar?from=2026-08-31T16:00:00.000Z&to=2026-09-29T16:00:00.000Z
Error: No token provided
    at authenticate (C:\Users\USER\Desktop\DocumentManagementSystem\backend\src\middleware\auth.js:17:13)
    at Layer.handle [as handle_request] (C:\Users\USER\Desktop\DocumentManagementSystem\backend\node_modules\express\lib\router\layer.js:95:5)
    at trim_prefix (C:\Users\USER\Desktop\DocumentManagementSystem\backend\node_modules\express\lib\router\index.js:328:13)
    at C:\Users\USER\Desktop\DocumentManagementSystem\backend\node_modules\express\lib\router\index.js:286:9
    at router.process_params (C:\Users\USER\Desktop\DocumentManagementSystem\backend\node_modules\express\lib\router\index.js:346:12)
    at next (C:\Users\USER\Desktop\DocumentManagementSystem\backend\node_modules\express\lib\router\index.js:280:10)
    at router.handle (C:\Users\USER\Desktop\DocumentManagementSystem\backend\node_modules\express\lib\router\index.js:175:3)
    at router (C:\Users\USER\Desktop\DocumentManagementSystem\backend\node_modules\express\lib\router\index.js:47:12)
    at Layer.handle [as handle_request] (C:\Users\USER\Desktop\DocumentManagementSystem\backend\node_modules\express\lib\router\layer.js:95:5)
    at trim_prefix (C:\Users\USER\Desktop\DocumentManagementSystem\backend\node_modules\express\lib\router\index.js:328:13)
    at C:\Users\USER\Desktop\DocumentManagementSystem\backend\node_modules\express\lib\router\index.js:286:9
    at router.process_params (C:\Users\USER\Desktop\DocumentManagementSystem\backend\node_modules\express\lib\router\index.js:346:12)
    at next (C:\Users\USER\Desktop\DocumentManagementSystem\backend\node_modules\express\lib\router\index.js:280:10)
    at C:\Users\USER\Desktop\DocumentManagementSystem\backend\src\app.js:130:3
    at Layer.handle [as handle_request] (C:\Users\USER\Desktop\DocumentManagementSystem\backend\node_modules\express\lib\router\layer.js:95:5)
    at trim_prefix (C:\Users\USER\Desktop\DocumentManagementSystem\backend\node_modules\express\lib\router\index.js:328:13)
    at C:\Users\USER\Desktop\DocumentManagementSystem\backend\node_modules\express\lib\router\index.js:286:9
    at router.process_params (C:\Users\USER\Desktop\DocumentManagementSystem\backend\node_modules\express\lib\router\index.js:346:12)
    at next (C:\Users\USER\Desktop\DocumentManagementSystem\backend\node_modules\express\lib\router\index.js:280:10)
    at urlencodedParser (C:\Users\USER\Desktop\DocumentManagementSystem\backend\node_modules\body-parser\lib\types\urlencoded.js:94:7)
    at Layer.handle [as handle_request] (C:\Users\USER\Desktop\DocumentManagementSystem\backend\node_modules\express\lib\router\layer.js:95:5)
    at trim_prefix (C:\Users\USER\Desktop\DocumentManagementSystem\backend\node_modules\express\lib\router\index.js:328:13)
