⚠️  [AI_ROUTES] Skipping AI mount: aiRoutes missing /health or /config public endpoint (undefined callback risk)
Failed to send email: Error: Missing credentials for "PLAIN"
    at SMTPConnection._formatError (C:\Users\USER\Desktop\DocumentManagementSystem\backend\node_modules\nodemailer\lib\smtp-connection\index.js:790:19)
    at SMTPConnection.login (C:\Users\USER\Desktop\DocumentManagementSystem\backend\node_modules\nodemailer\lib\smtp-connection\index.js:444:38)
    at C:\Users\USER\Desktop\DocumentManagementSystem\backend\node_modules\nodemailer\lib\smtp-transport\index.js:272:32
    at SMTPConnection.<anonymous> (C:\Users\USER\Desktop\DocumentManagementSystem\backend\node_modules\nodemailer\lib\smtp-connection\index.js:213:17)
    at Object.onceWrapper (node:events:622:28)
    at SMTPConnection.emit (node:events:508:28)
    at SMTPConnection._actionEHLO (C:\Users\USER\Desktop\DocumentManagementSystem\backend\node_modules\nodemailer\lib\smtp-connection\index.js:1347:14)
    at SMTPConnection._processResponse (C:\Users\USER\Desktop\DocumentManagementSystem\backend\node_modules\nodemailer\lib\smtp-connection\index.js:969:20)
    at SMTPConnection._onData (C:\Users\USER\Desktop\DocumentManagementSystem\backend\node_modules\nodemailer\lib\smtp-connection\index.js:755:14)
    at SMTPConnection._onSocketData (C:\Users\USER\Desktop\DocumentManagementSystem\backend\node_modules\nodemailer\lib\smtp-connection\index.js:193:44)
    at TLSSocket.emit (node:events:508:28)
    at addChunk (node:internal/streams/readable:563:12)
    at readableAddChunkPushByteMode (node:internal/streams/readable:514:3)
    at Readable.push (node:internal/streams/readable:394:5)
    at TLSWrap.onStreamRead (node:internal/stream_base_commons:189:23) {
  code: 'EAUTH',
  command: 'API'
}
Failed to send security alert (failedLogins): Error: Missing credentials for "PLAIN"
    at SMTPConnection._formatError (C:\Users\USER\Desktop\DocumentManagementSystem\backend\node_modules\nodemailer\lib\smtp-connection\index.js:790:19)
    at SMTPConnection.login (C:\Users\USER\Desktop\DocumentManagementSystem\backend\node_modules\nodemailer\lib\smtp-connection\index.js:444:38)
    at C:\Users\USER\Desktop\DocumentManagementSystem\backend\node_modules\nodemailer\lib\smtp-transport\index.js:272:32
    at SMTPConnection.<anonymous> (C:\Users\USER\Desktop\DocumentManagementSystem\backend\node_modules\nodemailer\lib\smtp-connection\index.js:213:17)
    at Object.onceWrapper (node:events:622:28)
    at SMTPConnection.emit (node:events:508:28)
    at SMTPConnection._actionEHLO (C:\Users\USER\Desktop\DocumentManagementSystem\backend\node_modules\nodemailer\lib\smtp-connection\index.js:1347:14)
    at SMTPConnection._processResponse (C:\Users\USER\Desktop\DocumentManagementSystem\backend\node_modules\nodemailer\lib\smtp-connection\index.js:969:20)
    at SMTPConnection._onData (C:\Users\USER\Desktop\DocumentManagementSystem\backend\node_modules\nodemailer\lib\smtp-connection\index.js:755:14)
    at SMTPConnection._onSocketData (C:\Users\USER\Desktop\DocumentManagementSystem\backend\node_modules\nodemailer\lib\smtp-connection\index.js:193:44)
    at TLSSocket.emit (node:events:508:28)
    at addChunk (node:internal/streams/readable:563:12)
    at readableAddChunkPushByteMode (node:internal/streams/readable:514:3)
    at Readable.push (node:internal/streams/readable:394:5)
    at TLSWrap.onStreamRead (node:internal/stream_base_commons:189:23) {
  code: 'EAUTH',
  command: 'API'
}
[OPERATIONAL ERROR] POST /api/auth/login
Error: Invalid credentials
    at AuthService.login (C:\Users\USER\Desktop\DocumentManagementSystem\backend\src\services\authService.js:127:13)
    at async C:\Users\USER\Desktop\DocumentManagementSystem\backend\src\controllers\authController.js:81:16
[PrismaClientValidationError ERROR] GET /api/calendar?from=2026-08-31T16:00:00.000Z&to=2026-09-29T16:00:00.000Z
PrismaClientValidationError: 
Invalid `prisma.documentShareLink.findMany()` invocation:

{
  where: {
    expiresAt: {
      gte: new Date("2026-08-31T16:00:00.000Z"),
      lte: new Date("2026-09-29T16:00:00.000Z"),
+     not: DateTime
    }
  },
  include: {
    createdBy: true,
    document: true
  }
}

Argument `not` must not be null.
    at wn (C:\Users\USER\Desktop\DocumentManagementSystem\backend\node_modules\@prisma\client\runtime\library.js:29:1363)
    at $n.handleRequestError (C:\Users\USER\Desktop\DocumentManagementSystem\backend\node_modules\@prisma\client\runtime\library.js:121:6958)
    at $n.handleAndLogRequestError (C:\Users\USER\Desktop\DocumentManagementSystem\backend\node_modules\@prisma\client\runtime\library.js:121:6623)
    at $n.request (C:\Users\USER\Desktop\DocumentManagementSystem\backend\node_modules\@prisma\client\runtime\library.js:121:6307)
    at async l (C:\Users\USER\Desktop\DocumentManagementSystem\backend\node_modules\@prisma\client\runtime\library.js:130:9633)
    at async getEventsInRange (C:\Users\USER\Desktop\DocumentManagementSystem\backend\src\services\calendarService.js:235:20)
    at async C:\Users\USER\Desktop\DocumentManagementSystem\backend\src\controllers\calendarController.js:43:18
[PrismaClientValidationError ERROR] GET /api/calendar?from=2026-08-31T16:00:00.000Z&to=2026-09-29T16:00:00.000Z
PrismaClientValidationError: 
Invalid `prisma.documentShareLink.findMany()` invocation:

{
  where: {
    expiresAt: {
      gte: new Date("2026-08-31T16:00:00.000Z"),
      lte: new Date("2026-09-29T16:00:00.000Z"),
+     not: DateTime
    }
  },
  include: {
    createdBy: true,
    document: true
  }
}

Argument `not` must not be null.
    at wn (C:\Users\USER\Desktop\DocumentManagementSystem\backend\node_modules\@prisma\client\runtime\library.js:29:1363)
    at $n.handleRequestError (C:\Users\USER\Desktop\DocumentManagementSystem\backend\node_modules\@prisma\client\runtime\library.js:121:6958)
    at $n.handleAndLogRequestError (C:\Users\USER\Desktop\DocumentManagementSystem\backend\node_modules\@prisma\client\runtime\library.js:121:6623)
    at $n.request (C:\Users\USER\Desktop\DocumentManagementSystem\backend\node_modules\@prisma\client\runtime\library.js:121:6307)
    at async l (C:\Users\USER\Desktop\DocumentManagementSystem\backend\node_modules\@prisma\client\runtime\library.js:130:9633)
    at async getEventsInRange (C:\Users\USER\Desktop\DocumentManagementSystem\backend\src\services\calendarService.js:235:20)
    at async C:\Users\USER\Desktop\DocumentManagementSystem\backend\src\controllers\calendarController.js:43:18
[PrismaClientValidationError ERROR] GET /api/calendar?from=2026-08-31T16:00:00.000Z&to=2026-09-29T16:00:00.000Z
PrismaClientValidationError: 
Invalid `prisma.documentShareLink.findMany()` invocation:

{
  where: {
    expiresAt: {
      gte: new Date("2026-08-31T16:00:00.000Z"),
      lte: new Date("2026-09-29T16:00:00.000Z"),
+     not: DateTime
    }
  },
  include: {
    createdBy: true,
    document: true
  }
}

Argument `not` must not be null.
    at wn (C:\Users\USER\Desktop\DocumentManagementSystem\backend\node_modules\@prisma\client\runtime\library.js:29:1363)
    at $n.handleRequestError (C:\Users\USER\Desktop\DocumentManagementSystem\backend\node_modules\@prisma\client\runtime\library.js:121:6958)
    at $n.handleAndLogRequestError (C:\Users\USER\Desktop\DocumentManagementSystem\backend\node_modules\@prisma\client\runtime\library.js:121:6623)
    at $n.request (C:\Users\USER\Desktop\DocumentManagementSystem\backend\node_modules\@prisma\client\runtime\library.js:121:6307)
    at async l (C:\Users\USER\Desktop\DocumentManagementSystem\backend\node_modules\@prisma\client\runtime\library.js:130:9633)
    at async getEventsInRange (C:\Users\USER\Desktop\DocumentManagementSystem\backend\src\services\calendarService.js:235:20)
    at async C:\Users\USER\Desktop\DocumentManagementSystem\backend\src\controllers\calendarController.js:43:18
[PrismaClientValidationError ERROR] GET /api/calendar?from=2026-08-31T16:00:00.000Z&to=2026-09-29T16:00:00.000Z
PrismaClientValidationError: 
Invalid `prisma.documentShareLink.findMany()` invocation:

{
  where: {
    expiresAt: {
      gte: new Date("2026-08-31T16:00:00.000Z"),
      lte: new Date("2026-09-29T16:00:00.000Z"),
+     not: DateTime
    }
  },
  include: {
    createdBy: true,
    document: true
  }
}

Argument `not` must not be null.
    at wn (C:\Users\USER\Desktop\DocumentManagementSystem\backend\node_modules\@prisma\client\runtime\library.js:29:1363)
    at $n.handleRequestError (C:\Users\USER\Desktop\DocumentManagementSystem\backend\node_modules\@prisma\client\runtime\library.js:121:6958)
    at $n.handleAndLogRequestError (C:\Users\USER\Desktop\DocumentManagementSystem\backend\node_modules\@prisma\client\runtime\library.js:121:6623)
    at $n.request (C:\Users\USER\Desktop\DocumentManagementSystem\backend\node_modules\@prisma\client\runtime\library.js:121:6307)
    at async l (C:\Users\USER\Desktop\DocumentManagementSystem\backend\node_modules\@prisma\client\runtime\library.js:130:9633)
    at async getEventsInRange (C:\Users\USER\Desktop\DocumentManagementSystem\backend\src\services\calendarService.js:235:20)
    at async C:\Users\USER\Desktop\DocumentManagementSystem\backend\src\controllers\calendarController.js:43:18
[PrismaClientValidationError ERROR] GET /api/calendar?from=2026-08-31T16:00:00.000Z&to=2026-09-29T16:00:00.000Z
PrismaClientValidationError: 
Invalid `prisma.documentShareLink.findMany()` invocation:

{
  where: {
    expiresAt: {
      gte: new Date("2026-08-31T16:00:00.000Z"),
      lte: new Date("2026-09-29T16:00:00.000Z"),
+     not: DateTime
    }
  },
  include: {
    createdBy: true,
    document: true
  }
}

Argument `not` must not be null.
    at wn (C:\Users\USER\Desktop\DocumentManagementSystem\backend\node_modules\@prisma\client\runtime\library.js:29:1363)
    at $n.handleRequestError (C:\Users\USER\Desktop\DocumentManagementSystem\backend\node_modules\@prisma\client\runtime\library.js:121:6958)
    at $n.handleAndLogRequestError (C:\Users\USER\Desktop\DocumentManagementSystem\backend\node_modules\@prisma\client\runtime\library.js:121:6623)
    at $n.request (C:\Users\USER\Desktop\DocumentManagementSystem\backend\node_modules\@prisma\client\runtime\library.js:121:6307)
    at async l (C:\Users\USER\Desktop\DocumentManagementSystem\backend\node_modules\@prisma\client\runtime\library.js:130:9633)
    at async getEventsInRange (C:\Users\USER\Desktop\DocumentManagementSystem\backend\src\services\calendarService.js:235:20)
    at async C:\Users\USER\Desktop\DocumentManagementSystem\backend\src\controllers\calendarController.js:43:18
[PrismaClientValidationError ERROR] GET /api/calendar?from=2026-08-31T16:00:00.000Z&to=2026-09-29T16:00:00.000Z
PrismaClientValidationError: 
Invalid `prisma.documentShareLink.findMany()` invocation:

{
  where: {
    expiresAt: {
      gte: new Date("2026-08-31T16:00:00.000Z"),
      lte: new Date("2026-09-29T16:00:00.000Z"),
+     not: DateTime
    }
  },
  include: {
    createdBy: true,
    document: true
  }
}

Argument `not` must not be null.
    at wn (C:\Users\USER\Desktop\DocumentManagementSystem\backend\node_modules\@prisma\client\runtime\library.js:29:1363)
    at $n.handleRequestError (C:\Users\USER\Desktop\DocumentManagementSystem\backend\node_modules\@prisma\client\runtime\library.js:121:6958)
    at $n.handleAndLogRequestError (C:\Users\USER\Desktop\DocumentManagementSystem\backend\node_modules\@prisma\client\runtime\library.js:121:6623)
    at $n.request (C:\Users\USER\Desktop\DocumentManagementSystem\backend\node_modules\@prisma\client\runtime\library.js:121:6307)
    at async l (C:\Users\USER\Desktop\DocumentManagementSystem\backend\node_modules\@prisma\client\runtime\library.js:130:9633)
    at async getEventsInRange (C:\Users\USER\Desktop\DocumentManagementSystem\backend\src\services\calendarService.js:235:20)
    at async C:\Users\USER\Desktop\DocumentManagementSystem\backend\src\controllers\calendarController.js:43:18
[PrismaClientValidationError ERROR] GET /api/calendar?from=2026-08-29T16:00:00.000Z&to=2026-10-02T15:59:59.999Z
PrismaClientValidationError: 
Invalid `prisma.documentShareLink.findMany()` invocation:

{
  where: {
    expiresAt: {
      gte: new Date("2026-08-29T16:00:00.000Z"),
      lte: new Date("2026-10-02T15:59:59.999Z"),
+     not: DateTime
    }
  },
  include: {
    createdBy: true,
    document: true
  }
}

Argument `not` must not be null.
    at wn (C:\Users\USER\Desktop\DocumentManagementSystem\backend\node_modules\@prisma\client\runtime\library.js:29:1363)
    at $n.handleRequestError (C:\Users\USER\Desktop\DocumentManagementSystem\backend\node_modules\@prisma\client\runtime\library.js:121:6958)
    at $n.handleAndLogRequestError (C:\Users\USER\Desktop\DocumentManagementSystem\backend\node_modules\@prisma\client\runtime\library.js:121:6623)
    at $n.request (C:\Users\USER\Desktop\DocumentManagementSystem\backend\node_modules\@prisma\client\runtime\library.js:121:6307)
    at async l (C:\Users\USER\Desktop\DocumentManagementSystem\backend\node_modules\@prisma\client\runtime\library.js:130:9633)
    at async getEventsInRange (C:\Users\USER\Desktop\DocumentManagementSystem\backend\src\services\calendarService.js:235:20)
    at async C:\Users\USER\Desktop\DocumentManagementSystem\backend\src\controllers\calendarController.js:43:18
[PrismaClientValidationError ERROR] GET /api/calendar?from=2026-08-29T16:00:00.000Z&to=2026-10-02T15:59:59.999Z
PrismaClientValidationError: 
Invalid `prisma.documentShareLink.findMany()` invocation:

{
  where: {
    expiresAt: {
      gte: new Date("2026-08-29T16:00:00.000Z"),
      lte: new Date("2026-10-02T15:59:59.999Z"),
+     not: DateTime
    }
  },
  include: {
    createdBy: true,
    document: true
  }
}

Argument `not` must not be null.
    at wn (C:\Users\USER\Desktop\DocumentManagementSystem\backend\node_modules\@prisma\client\runtime\library.js:29:1363)
    at $n.handleRequestError (C:\Users\USER\Desktop\DocumentManagementSystem\backend\node_modules\@prisma\client\runtime\library.js:121:6958)
    at $n.handleAndLogRequestError (C:\Users\USER\Desktop\DocumentManagementSystem\backend\node_modules\@prisma\client\runtime\library.js:121:6623)
    at $n.request (C:\Users\USER\Desktop\DocumentManagementSystem\backend\node_modules\@prisma\client\runtime\library.js:121:6307)
    at async l (C:\Users\USER\Desktop\DocumentManagementSystem\backend\node_modules\@prisma\client\runtime\library.js:130:9633)
    at async getEventsInRange (C:\Users\USER\Desktop\DocumentManagementSystem\backend\src\services\calendarService.js:235:20)
    at async C:\Users\USER\Desktop\DocumentManagementSystem\backend\src\controllers\calendarController.js:43:18
[PrismaClientValidationError ERROR] GET /api/calendar?from=2026-08-29T16:00:00.000Z&to=2026-10-02T15:59:59.999Z
PrismaClientValidationError: 
Invalid `prisma.documentShareLink.findMany()` invocation:

{
  where: {
    expiresAt: {
      gte: new Date("2026-08-29T16:00:00.000Z"),
      lte: new Date("2026-10-02T15:59:59.999Z"),
+     not: DateTime
    }
  },
  include: {
    createdBy: true,
    document: true
  }
}

Argument `not` must not be null.
    at wn (C:\Users\USER\Desktop\DocumentManagementSystem\backend\node_modules\@prisma\client\runtime\library.js:29:1363)
    at $n.handleRequestError (C:\Users\USER\Desktop\DocumentManagementSystem\backend\node_modules\@prisma\client\runtime\library.js:121:6958)
    at $n.handleAndLogRequestError (C:\Users\USER\Desktop\DocumentManagementSystem\backend\node_modules\@prisma\client\runtime\library.js:121:6623)
    at $n.request (C:\Users\USER\Desktop\DocumentManagementSystem\backend\node_modules\@prisma\client\runtime\library.js:121:6307)
    at async l (C:\Users\USER\Desktop\DocumentManagementSystem\backend\node_modules\@prisma\client\runtime\library.js:130:9633)
    at async getEventsInRange (C:\Users\USER\Desktop\DocumentManagementSystem\backend\src\services\calendarService.js:235:20)
    at async C:\Users\USER\Desktop\DocumentManagementSystem\backend\src\controllers\calendarController.js:43:18
[PrismaClientValidationError ERROR] GET /api/calendar?from=2026-08-31T16:00:00.000Z&to=2026-09-29T16:00:00.000Z
PrismaClientValidationError: 
Invalid `prisma.documentShareLink.findMany()` invocation:

{
  where: {
    expiresAt: {
      gte: new Date("2026-08-31T16:00:00.000Z"),
      lte: new Date("2026-09-29T16:00:00.000Z"),
+     not: DateTime
    }
  },
  include: {
    createdBy: true,
    document: true
  }
}

Argument `not` must not be null.
    at wn (C:\Users\USER\Desktop\DocumentManagementSystem\backend\node_modules\@prisma\client\runtime\library.js:29:1363)
    at $n.handleRequestError (C:\Users\USER\Desktop\DocumentManagementSystem\backend\node_modules\@prisma\client\runtime\library.js:121:6958)
    at $n.handleAndLogRequestError (C:\Users\USER\Desktop\DocumentManagementSystem\backend\node_modules\@prisma\client\runtime\library.js:121:6623)
    at $n.request (C:\Users\USER\Desktop\DocumentManagementSystem\backend\node_modules\@prisma\client\runtime\library.js:121:6307)
    at async l (C:\Users\USER\Desktop\DocumentManagementSystem\backend\node_modules\@prisma\client\runtime\library.js:130:9633)
    at async getEventsInRange (C:\Users\USER\Desktop\DocumentManagementSystem\backend\src\services\calendarService.js:235:20)
    at async C:\Users\USER\Desktop\DocumentManagementSystem\backend\src\controllers\calendarController.js:43:18
[PrismaClientValidationError ERROR] GET /api/calendar?from=2026-08-31T16:00:00.000Z&to=2026-09-29T16:00:00.000Z
PrismaClientValidationError: 
Invalid `prisma.documentShareLink.findMany()` invocation:

{
  where: {
    expiresAt: {
      gte: new Date("2026-08-31T16:00:00.000Z"),
      lte: new Date("2026-09-29T16:00:00.000Z"),
+     not: DateTime
    }
  },
  include: {
    createdBy: true,
    document: true
  }
}

Argument `not` must not be null.
    at wn (C:\Users\USER\Desktop\DocumentManagementSystem\backend\node_modules\@prisma\client\runtime\library.js:29:1363)
    at $n.handleRequestError (C:\Users\USER\Desktop\DocumentManagementSystem\backend\node_modules\@prisma\client\runtime\library.js:121:6958)
    at $n.handleAndLogRequestError (C:\Users\USER\Desktop\DocumentManagementSystem\backend\node_modules\@prisma\client\runtime\library.js:121:6623)
    at $n.request (C:\Users\USER\Desktop\DocumentManagementSystem\backend\node_modules\@prisma\client\runtime\library.js:121:6307)
    at async l (C:\Users\USER\Desktop\DocumentManagementSystem\backend\node_modules\@prisma\client\runtime\library.js:130:9633)
    at async getEventsInRange (C:\Users\USER\Desktop\DocumentManagementSystem\backend\src\services\calendarService.js:235:20)
    at async C:\Users\USER\Desktop\DocumentManagementSystem\backend\src\controllers\calendarController.js:43:18
[PrismaClientValidationError ERROR] GET /api/calendar?from=2026-08-31T16:00:00.000Z&to=2026-09-29T16:00:00.000Z
PrismaClientValidationError: 
Invalid `prisma.documentShareLink.findMany()` invocation:

{
  where: {
    expiresAt: {
      gte: new Date("2026-08-31T16:00:00.000Z"),
      lte: new Date("2026-09-29T16:00:00.000Z"),
+     not: DateTime
    }
  },
  include: {
    createdBy: true,
    document: true
  }
}

Argument `not` must not be null.
    at wn (C:\Users\USER\Desktop\DocumentManagementSystem\backend\node_modules\@prisma\client\runtime\library.js:29:1363)
    at $n.handleRequestError (C:\Users\USER\Desktop\DocumentManagementSystem\backend\node_modules\@prisma\client\runtime\library.js:121:6958)
    at $n.handleAndLogRequestError (C:\Users\USER\Desktop\DocumentManagementSystem\backend\node_modules\@prisma\client\runtime\library.js:121:6623)
    at $n.request (C:\Users\USER\Desktop\DocumentManagementSystem\backend\node_modules\@prisma\client\runtime\library.js:121:6307)
    at async l (C:\Users\USER\Desktop\DocumentManagementSystem\backend\node_modules\@prisma\client\runtime\library.js:130:9633)
    at async getEventsInRange (C:\Users\USER\Desktop\DocumentManagementSystem\backend\src\services\calendarService.js:235:20)
    at async C:\Users\USER\Desktop\DocumentManagementSystem\backend\src\controllers\calendarController.js:43:18
[PrismaClientValidationError ERROR] GET /api/calendar?from=2026-08-29T16:00:00.000Z&to=2026-10-02T15:59:59.999Z
PrismaClientValidationError: 
Invalid `prisma.documentShareLink.findMany()` invocation:

{
  where: {
    expiresAt: {
      gte: new Date("2026-08-29T16:00:00.000Z"),
      lte: new Date("2026-10-02T15:59:59.999Z"),
+     not: DateTime
    }
  },
  include: {
    createdBy: true,
    document: true
  }
}

Argument `not` must not be null.
    at wn (C:\Users\USER\Desktop\DocumentManagementSystem\backend\node_modules\@prisma\client\runtime\library.js:29:1363)
    at $n.handleRequestError (C:\Users\USER\Desktop\DocumentManagementSystem\backend\node_modules\@prisma\client\runtime\library.js:121:6958)
    at $n.handleAndLogRequestError (C:\Users\USER\Desktop\DocumentManagementSystem\backend\node_modules\@prisma\client\runtime\library.js:121:6623)
    at $n.request (C:\Users\USER\Desktop\DocumentManagementSystem\backend\node_modules\@prisma\client\runtime\library.js:121:6307)
    at async l (C:\Users\USER\Desktop\DocumentManagementSystem\backend\node_modules\@prisma\client\runtime\library.js:130:9633)
    at async getEventsInRange (C:\Users\USER\Desktop\DocumentManagementSystem\backend\src\services\calendarService.js:235:20)
    at async C:\Users\USER\Desktop\DocumentManagementSystem\backend\src\controllers\calendarController.js:43:18
[PrismaClientValidationError ERROR] GET /api/calendar?from=2026-08-29T16:00:00.000Z&to=2026-10-02T15:59:59.999Z
PrismaClientValidationError: 
Invalid `prisma.documentShareLink.findMany()` invocation:

{
  where: {
    expiresAt: {
      gte: new Date("2026-08-29T16:00:00.000Z"),
      lte: new Date("2026-10-02T15:59:59.999Z"),
+     not: DateTime
    }
  },
  include: {
    createdBy: true,
    document: true
  }
}

Argument `not` must not be null.
    at wn (C:\Users\USER\Desktop\DocumentManagementSystem\backend\node_modules\@prisma\client\runtime\library.js:29:1363)
    at $n.handleRequestError (C:\Users\USER\Desktop\DocumentManagementSystem\backend\node_modules\@prisma\client\runtime\library.js:121:6958)
    at $n.handleAndLogRequestError (C:\Users\USER\Desktop\DocumentManagementSystem\backend\node_modules\@prisma\client\runtime\library.js:121:6623)
    at $n.request (C:\Users\USER\Desktop\DocumentManagementSystem\backend\node_modules\@prisma\client\runtime\library.js:121:6307)
    at async l (C:\Users\USER\Desktop\DocumentManagementSystem\backend\node_modules\@prisma\client\runtime\library.js:130:9633)
    at async getEventsInRange (C:\Users\USER\Desktop\DocumentManagementSystem\backend\src\services\calendarService.js:235:20)
    at async C:\Users\USER\Desktop\DocumentManagementSystem\backend\src\controllers\calendarController.js:43:18
[PrismaClientValidationError ERROR] GET /api/calendar?from=2026-08-29T16:00:00.000Z&to=2026-10-02T15:59:59.999Z
PrismaClientValidationError: 
Invalid `prisma.documentShareLink.findMany()` invocation:

{
  where: {
    expiresAt: {
      gte: new Date("2026-08-29T16:00:00.000Z"),
      lte: new Date("2026-10-02T15:59:59.999Z"),
+     not: DateTime
    }
  },
  include: {
    createdBy: true,
    document: true
  }
}

Argument `not` must not be null.
    at wn (C:\Users\USER\Desktop\DocumentManagementSystem\backend\node_modules\@prisma\client\runtime\library.js:29:1363)
    at $n.handleRequestError (C:\Users\USER\Desktop\DocumentManagementSystem\backend\node_modules\@prisma\client\runtime\library.js:121:6958)
    at $n.handleAndLogRequestError (C:\Users\USER\Desktop\DocumentManagementSystem\backend\node_modules\@prisma\client\runtime\library.js:121:6623)
    at $n.request (C:\Users\USER\Desktop\DocumentManagementSystem\backend\node_modules\@prisma\client\runtime\library.js:121:6307)
    at async l (C:\Users\USER\Desktop\DocumentManagementSystem\backend\node_modules\@prisma\client\runtime\library.js:130:9633)
    at async getEventsInRange (C:\Users\USER\Desktop\DocumentManagementSystem\backend\src\services\calendarService.js:235:20)
    at async C:\Users\USER\Desktop\DocumentManagementSystem\backend\src\controllers\calendarController.js:43:18
[PrismaClientValidationError ERROR] GET /api/calendar?from=2026-08-31T16:00:00.000Z&to=2026-09-29T16:00:00.000Z
PrismaClientValidationError: 
Invalid `prisma.documentShareLink.findMany()` invocation:

{
  where: {
    expiresAt: {
      gte: new Date("2026-08-31T16:00:00.000Z"),
      lte: new Date("2026-09-29T16:00:00.000Z"),
+     not: DateTime
    }
  },
  include: {
    createdBy: true,
    document: true
  }
}

Argument `not` must not be null.
    at wn (C:\Users\USER\Desktop\DocumentManagementSystem\backend\node_modules\@prisma\client\runtime\library.js:29:1363)
    at $n.handleRequestError (C:\Users\USER\Desktop\DocumentManagementSystem\backend\node_modules\@prisma\client\runtime\library.js:121:6958)
    at $n.handleAndLogRequestError (C:\Users\USER\Desktop\DocumentManagementSystem\backend\node_modules\@prisma\client\runtime\library.js:121:6623)
    at $n.request (C:\Users\USER\Desktop\DocumentManagementSystem\backend\node_modules\@prisma\client\runtime\library.js:121:6307)
    at async l (C:\Users\USER\Desktop\DocumentManagementSystem\backend\node_modules\@prisma\client\runtime\library.js:130:9633)
    at async getEventsInRange (C:\Users\USER\Desktop\DocumentManagementSystem\backend\src\services\calendarService.js:235:20)
    at async C:\Users\USER\Desktop\DocumentManagementSystem\backend\src\controllers\calendarController.js:43:18
[PrismaClientValidationError ERROR] GET /api/calendar?from=2026-08-31T16:00:00.000Z&to=2026-09-29T16:00:00.000Z
PrismaClientValidationError: 
Invalid `prisma.documentShareLink.findMany()` invocation:

{
  where: {
    expiresAt: {
      gte: new Date("2026-08-31T16:00:00.000Z"),
      lte: new Date("2026-09-29T16:00:00.000Z"),
+     not: DateTime
    }
  },
  include: {
    createdBy: true,
    document: true
  }
}

Argument `not` must not be null.
    at wn (C:\Users\USER\Desktop\DocumentManagementSystem\backend\node_modules\@prisma\client\runtime\library.js:29:1363)
    at $n.handleRequestError (C:\Users\USER\Desktop\DocumentManagementSystem\backend\node_modules\@prisma\client\runtime\library.js:121:6958)
    at $n.handleAndLogRequestError (C:\Users\USER\Desktop\DocumentManagementSystem\backend\node_modules\@prisma\client\runtime\library.js:121:6623)
    at $n.request (C:\Users\USER\Desktop\DocumentManagementSystem\backend\node_modules\@prisma\client\runtime\library.js:121:6307)
    at async l (C:\Users\USER\Desktop\DocumentManagementSystem\backend\node_modules\@prisma\client\runtime\library.js:130:9633)
    at async getEventsInRange (C:\Users\USER\Desktop\DocumentManagementSystem\backend\src\services\calendarService.js:235:20)
    at async C:\Users\USER\Desktop\DocumentManagementSystem\backend\src\controllers\calendarController.js:43:18
[PrismaClientValidationError ERROR] GET /api/calendar?from=2026-08-31T16:00:00.000Z&to=2026-09-29T16:00:00.000Z
PrismaClientValidationError: 
Invalid `prisma.documentShareLink.findMany()` invocation:

{
  where: {
    expiresAt: {
      gte: new Date("2026-08-31T16:00:00.000Z"),
      lte: new Date("2026-09-29T16:00:00.000Z"),
+     not: DateTime
    }
  },
  include: {
    createdBy: true,
    document: true
  }
}

Argument `not` must not be null.
    at wn (C:\Users\USER\Desktop\DocumentManagementSystem\backend\node_modules\@prisma\client\runtime\library.js:29:1363)
    at $n.handleRequestError (C:\Users\USER\Desktop\DocumentManagementSystem\backend\node_modules\@prisma\client\runtime\library.js:121:6958)
    at $n.handleAndLogRequestError (C:\Users\USER\Desktop\DocumentManagementSystem\backend\node_modules\@prisma\client\runtime\library.js:121:6623)
    at $n.request (C:\Users\USER\Desktop\DocumentManagementSystem\backend\node_modules\@prisma\client\runtime\library.js:121:6307)
    at async l (C:\Users\USER\Desktop\DocumentManagementSystem\backend\node_modules\@prisma\client\runtime\library.js:130:9633)
    at async getEventsInRange (C:\Users\USER\Desktop\DocumentManagementSystem\backend\src\services\calendarService.js:235:20)
    at async C:\Users\USER\Desktop\DocumentManagementSystem\backend\src\controllers\calendarController.js:43:18
