⚠️  [AI_ROUTES] Skipping AI mount: aiRoutes missing /health or /config public endpoint (undefined callback risk)
❌ Database connection failed: Can't reach database server at `localhost:3306`

Please make sure your database server is running at `localhost:3306`.
Expiry tracking daily processor failed: PrismaClientInitializationError: 
Invalid `prisma.documentExpiryProfile.findMany()` invocation:


Can't reach database server at `localhost:3306`

Please make sure your database server is running at `localhost:3306`.
    at $n.handleRequestError (C:\Users\USER\Desktop\DocumentManagementSystem\backend\node_modules\@prisma\client\runtime\library.js:121:7615)
    at $n.handleAndLogRequestError (C:\Users\USER\Desktop\DocumentManagementSystem\backend\node_modules\@prisma\client\runtime\library.js:121:6623)
    at $n.request (C:\Users\USER\Desktop\DocumentManagementSystem\backend\node_modules\@prisma\client\runtime\library.js:121:6307)
    at async l (C:\Users\USER\Desktop\DocumentManagementSystem\backend\node_modules\@prisma\client\runtime\library.js:130:9633)
    at async ExpiryTrackingService.processDailyStatusAndReminders (C:\Users\USER\Desktop\DocumentManagementSystem\backend\src\services\expiryTrackingService.js:1500:22)
    at async run (C:\Users\USER\Desktop\DocumentManagementSystem\backend\src\services\expiryReminderService.js:7:9) {
  clientVersion: '5.22.0',
  errorCode: undefined
}
Review and approval reminder processor failed: PrismaClientInitializationError: 
Invalid `prisma.documentAssignment.findMany()` invocation:


Can't reach database server at `localhost:3306`

Please make sure your database server is running at `localhost:3306`.
    at $n.handleRequestError (C:\Users\USER\Desktop\DocumentManagementSystem\backend\node_modules\@prisma\client\runtime\library.js:121:7615)
    at $n.handleAndLogRequestError (C:\Users\USER\Desktop\DocumentManagementSystem\backend\node_modules\@prisma\client\runtime\library.js:121:6623)
    at $n.request (C:\Users\USER\Desktop\DocumentManagementSystem\backend\node_modules\@prisma\client\runtime\library.js:121:6307)
    at async l (C:\Users\USER\Desktop\DocumentManagementSystem\backend\node_modules\@prisma\client\runtime\library.js:130:9633)
    at async ReviewApprovalReminderService.processPendingAssignmentReminders (C:\Users\USER\Desktop\DocumentManagementSystem\backend\src\services\reviewApprovalReminderService.js:121:25)
    at async run (C:\Users\USER\Desktop\DocumentManagementSystem\backend\src\services\reviewApprovalReminderService.js:214:9) {
  clientVersion: '5.22.0',
  errorCode: undefined
}
Error fetching security settings: PrismaClientInitializationError: 
Invalid `prisma.configuration.findUnique()` invocation:


Can't reach database server at `localhost:3306`

Please make sure your database server is running at `localhost:3306`.
    at $n.handleRequestError (C:\Users\USER\Desktop\DocumentManagementSystem\backend\node_modules\@prisma\client\runtime\library.js:121:7615)
    at $n.handleAndLogRequestError (C:\Users\USER\Desktop\DocumentManagementSystem\backend\node_modules\@prisma\client\runtime\library.js:121:6623)
    at $n.request (C:\Users\USER\Desktop\DocumentManagementSystem\backend\node_modules\@prisma\client\runtime\library.js:121:6307)
    at async l (C:\Users\USER\Desktop\DocumentManagementSystem\backend\node_modules\@prisma\client\runtime\library.js:130:9633)
    at async SecurityService.getSecuritySettings (C:\Users\USER\Desktop\DocumentManagementSystem\backend\src\services\securityService.js:32:22)
    at async TwoFactorService.is2FAEnabled (C:\Users\USER\Desktop\DocumentManagementSystem\backend\src\services\twoFactorService.js:38:22)
    at async C:\Users\USER\Desktop\DocumentManagementSystem\backend\src\controllers\authController.js:74:28 {
  clientVersion: '5.22.0',
  errorCode: undefined
}
[OPERATIONAL ERROR] POST /api/auth/login
Error: Invalid credentials
    at AuthService.login (C:\Users\USER\Desktop\DocumentManagementSystem\backend\src\services\authService.js:100:13)
    at async C:\Users\USER\Desktop\DocumentManagementSystem\backend\src\controllers\authController.js:81:16
[OPERATIONAL ERROR] GET /api/calendar?from=2026-09-01&to=2026-09-30
Error: No token provided
    at authenticate (C:\Users\USER\Desktop\DocumentManagementSystem\backend\src\middleware\auth.js:17:13)
    at Layer.handle [as handle_request] (C:\Users\USER\Desktop\DocumentManagementSystem\backend\node_modules\express\lib\router\layer.js:95:5)
    at trim_prefix (C:\Users\USER\Desktop\DocumentManagementSystem\backend\node_modules\express\lib\router\index.js:328:13)
    at C:\Users\USER\Desktop\DocumentManagementSystem\backend\node_modules\express\lib\router\index.js:286:9
    at router.process_params (C:\Users\USER\Desktop\DocumentManagementSystem\backend\node_modules\express\lib\router\index.js:346:12)
    at next (C:\Users\USER\Desktop\DocumentManagementSystem\backend\node_modules\express\lib\router\index.js:280:10)
    at router.handle (C:\Users\USER\Desktop\DocumentManagementSystem\backend\node_modules\express\lib\router\index.js:175:3)
    at router (C:\Users\USER\Desktop\DocumentManagementSystem\backend\node_modules\express\lib\router\index.js:47:12)
    at Layer.handle [as handle_request] (C:\Users\USER\Desktop\DocumentManagementSystem\backend\node_modules\express\lib\router\layer.js:95:5)
    at trim_prefix (C:\Users\USER\Desktop\DocumentManagementSystem\backend\node_modules\express\lib\router\index.js:328:13)
    at C:\Users\USER\Desktop\DocumentManagementSystem\backend\node_modules\express\lib\router\index.js:286:9
    at router.process_params (C:\Users\USER\Desktop\DocumentManagementSystem\backend\node_modules\express\lib\router\index.js:346:12)
    at next (C:\Users\USER\Desktop\DocumentManagementSystem\backend\node_modules\express\lib\router\index.js:280:10)
    at C:\Users\USER\Desktop\DocumentManagementSystem\backend\src\app.js:130:3
    at Layer.handle [as handle_request] (C:\Users\USER\Desktop\DocumentManagementSystem\backend\node_modules\express\lib\router\layer.js:95:5)
    at trim_prefix (C:\Users\USER\Desktop\DocumentManagementSystem\backend\node_modules\express\lib\router\index.js:328:13)
    at C:\Users\USER\Desktop\DocumentManagementSystem\backend\node_modules\express\lib\router\index.js:286:9
    at router.process_params (C:\Users\USER\Desktop\DocumentManagementSystem\backend\node_modules\express\lib\router\index.js:346:12)
    at next (C:\Users\USER\Desktop\DocumentManagementSystem\backend\node_modules\express\lib\router\index.js:280:10)
    at urlencodedParser (C:\Users\USER\Desktop\DocumentManagementSystem\backend\node_modules\body-parser\lib\types\urlencoded.js:94:7)
    at Layer.handle [as handle_request] (C:\Users\USER\Desktop\DocumentManagementSystem\backend\node_modules\express\lib\router\layer.js:95:5)
    at trim_prefix (C:\Users\USER\Desktop\DocumentManagementSystem\backend\node_modules\express\lib\router\index.js:328:13)
Error cleaning up old drafts: PrismaClientInitializationError: 
Invalid `prisma.configuration.findUnique()` invocation:


Can't reach database server at `localhost:3306`

Please make sure your database server is running at `localhost:3306`.
    at $n.handleRequestError (C:\Users\USER\Desktop\DocumentManagementSystem\backend\node_modules\@prisma\client\runtime\library.js:121:7615)
    at $n.handleAndLogRequestError (C:\Users\USER\Desktop\DocumentManagementSystem\backend\node_modules\@prisma\client\runtime\library.js:121:6623)
    at $n.request (C:\Users\USER\Desktop\DocumentManagementSystem\backend\node_modules\@prisma\client\runtime\library.js:121:6307)
    at async l (C:\Users\USER\Desktop\DocumentManagementSystem\backend\node_modules\@prisma\client\runtime\library.js:130:9633)
    at async ConfigService.getRetentionPolicySettings (C:\Users\USER\Desktop\DocumentManagementSystem\backend\src\services\configService.js:703:20)
    at async RetentionService.cleanupOldDrafts (C:\Users\USER\Desktop\DocumentManagementSystem\backend\src\services\retentionService.js:15:24)
    at async RetentionService.runRetentionCleanup (C:\Users\USER\Desktop\DocumentManagementSystem\backend\src\services\retentionService.js:193:24) {
  clientVersion: '5.22.0',
  errorCode: undefined
}
Error during retention cleanup: PrismaClientInitializationError: 
Invalid `prisma.configuration.findUnique()` invocation:


Can't reach database server at `localhost:3306`

Please make sure your database server is running at `localhost:3306`.
    at $n.handleRequestError (C:\Users\USER\Desktop\DocumentManagementSystem\backend\node_modules\@prisma\client\runtime\library.js:121:7615)
    at $n.handleAndLogRequestError (C:\Users\USER\Desktop\DocumentManagementSystem\backend\node_modules\@prisma\client\runtime\library.js:121:6623)
    at $n.request (C:\Users\USER\Desktop\DocumentManagementSystem\backend\node_modules\@prisma\client\runtime\library.js:121:6307)
    at async l (C:\Users\USER\Desktop\DocumentManagementSystem\backend\node_modules\@prisma\client\runtime\library.js:130:9633)
    at async ConfigService.getRetentionPolicySettings (C:\Users\USER\Desktop\DocumentManagementSystem\backend\src\services\configService.js:703:20)
    at async RetentionService.cleanupOldDrafts (C:\Users\USER\Desktop\DocumentManagementSystem\backend\src\services\retentionService.js:15:24)
    at async RetentionService.runRetentionCleanup (C:\Users\USER\Desktop\DocumentManagementSystem\backend\src\services\retentionService.js:193:24) {
  clientVersion: '5.22.0',
  errorCode: undefined
}
Scheduled retention cleanup failed: PrismaClientInitializationError: 
Invalid `prisma.configuration.findUnique()` invocation:


Can't reach database server at `localhost:3306`

Please make sure your database server is running at `localhost:3306`.
    at $n.handleRequestError (C:\Users\USER\Desktop\DocumentManagementSystem\backend\node_modules\@prisma\client\runtime\library.js:121:7615)
    at $n.handleAndLogRequestError (C:\Users\USER\Desktop\DocumentManagementSystem\backend\node_modules\@prisma\client\runtime\library.js:121:6623)
    at $n.request (C:\Users\USER\Desktop\DocumentManagementSystem\backend\node_modules\@prisma\client\runtime\library.js:121:6307)
    at async l (C:\Users\USER\Desktop\DocumentManagementSystem\backend\node_modules\@prisma\client\runtime\library.js:130:9633)
    at async ConfigService.getRetentionPolicySettings (C:\Users\USER\Desktop\DocumentManagementSystem\backend\src\services\configService.js:703:20)
    at async RetentionService.cleanupOldDrafts (C:\Users\USER\Desktop\DocumentManagementSystem\backend\src\services\retentionService.js:15:24)
    at async RetentionService.runRetentionCleanup (C:\Users\USER\Desktop\DocumentManagementSystem\backend\src\services\retentionService.js:193:24) {
  clientVersion: '5.22.0',
  errorCode: undefined
}
