

===== [2026-08-24T08:35:42.106Z] UNCAUGHT EXCEPTION =====
Error: listen EADDRINUSE: address already in use :::4001
    at Server.setupListenHandle [as _listen2] (node:net:1948:16)
    at listenInCluster (node:net:2005:12)
    at Server.listen (node:net:2110:7)
    at app.listen (c:\Users\USER\Desktop\DocumentManagementSystem\backend\node_modules\express\lib\application.js:635:24)
    at Object.<anonymous> (c:\Users\USER\Desktop\DocumentManagementSystem\backend\src\index.js:70:5)
    at Module._compile (node:internal/modules/cjs/loader:1812:14)
    at Object..js (node:internal/modules/cjs/loader:1943:10)
    at Module.load (node:internal/modules/cjs/loader:1533:32)
    at Module._load (node:internal/modules/cjs/loader:1335:12)
    at wrapModuleLoad (node:internal/modules/cjs/loader:255:19)
    at Module.executeUserEntryPoint [as runMain] (node:internal/modules/run_main:154:5)
    at node:internal/main/run_main_module:33:47


===== [2026-08-24T08:37:17.183Z] UNCAUGHT EXCEPTION =====
Error: listen EADDRINUSE: address already in use :::4001
    at Server.setupListenHandle [as _listen2] (node:net:1948:16)
    at listenInCluster (node:net:2005:12)
    at Server.listen (node:net:2110:7)
    at app.listen (C:\Users\USER\Desktop\DocumentManagementSystem\backend\node_modules\express\lib\application.js:635:24)
    at Object.<anonymous> (C:\Users\USER\Desktop\DocumentManagementSystem\backend\src\index.js:70:5)
    at Module._compile (node:internal/modules/cjs/loader:1812:14)
    at Object..js (node:internal/modules/cjs/loader:1943:10)
    at Module.load (node:internal/modules/cjs/loader:1533:32)
    at Module._load (node:internal/modules/cjs/loader:1335:12)
    at wrapModuleLoad (node:internal/modules/cjs/loader:255:19)
    at Module.executeUserEntryPoint [as runMain] (node:internal/modules/run_main:154:5)
    at node:internal/main/run_main_module:33:47


===== [2026-08-24T08:38:52.800Z] UNCAUGHT EXCEPTION =====
Error: listen EADDRINUSE: address already in use :::4001
    at Server.setupListenHandle [as _listen2] (node:net:1948:16)
    at listenInCluster (node:net:2005:12)
    at Server.listen (node:net:2110:7)
    at app.listen (C:\Users\USER\Desktop\DocumentManagementSystem\backend\node_modules\express\lib\application.js:635:24)
    at Object.<anonymous> (C:\Users\USER\Desktop\DocumentManagementSystem\backend\src\index.js:70:5)
    at Module._compile (node:internal/modules/cjs/loader:1812:14)
    at Object..js (node:internal/modules/cjs/loader:1943:10)
    at Module.load (node:internal/modules/cjs/loader:1533:32)
    at Module._load (node:internal/modules/cjs/loader:1335:12)
    at wrapModuleLoad (node:internal/modules/cjs/loader:255:19)
    at Module.executeUserEntryPoint [as runMain] (node:internal/modules/run_main:154:5)
    at node:internal/main/run_main_module:33:47


===== [2026-08-25T01:57:28.304Z] UNCAUGHT EXCEPTION =====
Error: listen EADDRINUSE: address already in use :::4001
    at Server.setupListenHandle [as _listen2] (node:net:1948:16)
    at listenInCluster (node:net:2005:12)
    at Server.listen (node:net:2110:7)
    at app.listen (C:\Users\USER\Desktop\DocumentManagementSystem\backend\node_modules\express\lib\application.js:635:24)
    at Object.<anonymous> (C:\Users\USER\Desktop\DocumentManagementSystem\backend\src\index.js:70:5)
    at Module._compile (node:internal/modules/cjs/loader:1812:14)
    at Object..js (node:internal/modules/cjs/loader:1943:10)
    at Module.load (node:internal/modules/cjs/loader:1533:32)
    at Module._load (node:internal/modules/cjs/loader:1335:12)
    at wrapModuleLoad (node:internal/modules/cjs/loader:255:19)
    at Module.executeUserEntryPoint [as runMain] (node:internal/modules/run_main:154:5)
    at node:internal/main/run_main_module:33:47


===== [2026-08-26T02:17:08.522Z] UNCAUGHT EXCEPTION =====
Error: Route.get() requires a callback function but got a [object Undefined]
    at Route.<computed> [as get] (C:\Users\USER\Desktop\DocumentManagementSystem\backend\node_modules\express\lib\router\route.js:216:15)
    at proto.<computed> [as get] (C:\Users\USER\Desktop\DocumentManagementSystem\backend\node_modules\express\lib\router\index.js:521:19)
    at Object.<anonymous> (C:\Users\USER\Desktop\DocumentManagementSystem\backend\src\routes\ai.js:12:8)
    at Module._compile (node:internal/modules/cjs/loader:1812:14)
    at Object..js (node:internal/modules/cjs/loader:1943:10)
    at Module.load (node:internal/modules/cjs/loader:1533:32)
    at Module._load (node:internal/modules/cjs/loader:1335:12)
    at wrapModuleLoad (node:internal/modules/cjs/loader:255:19)
    at Module.require (node:internal/modules/cjs/loader:1556:12)
    at require (node:internal/modules/helpers:152:16)
    at Object.<anonymous> (C:\Users\USER\Desktop\DocumentManagementSystem\backend\src\app.js:29:18)
    at Module._compile (node:internal/modules/cjs/loader:1812:14)
    at Object..js (node:internal/modules/cjs/loader:1943:10)
    at Module.load (node:internal/modules/cjs/loader:1533:32)
    at Module._load (node:internal/modules/cjs/loader:1335:12)
    at wrapModuleLoad (node:internal/modules/cjs/loader:255:19)
    at Module.require (node:internal/modules/cjs/loader:1556:12)
    at require (node:internal/modules/helpers:152:16)
    at Object.<anonymous> (C:\Users\USER\Desktop\DocumentManagementSystem\backend\src\index.js:24:13)
    at Module._compile (node:internal/modules/cjs/loader:1812:14)
    at Object..js (node:internal/modules/cjs/loader:1943:10)
    at Module.load (node:internal/modules/cjs/loader:1533:32)


===== [2026-08-26T02:18:38.137Z] UNCAUGHT EXCEPTION =====
Error: Route.get() requires a callback function but got a [object Undefined]
    at Route.<computed> [as get] (C:\Users\USER\Desktop\DocumentManagementSystem\backend\node_modules\express\lib\router\route.js:216:15)
    at proto.<computed> [as get] (C:\Users\USER\Desktop\DocumentManagementSystem\backend\node_modules\express\lib\router\index.js:521:19)
    at Object.<anonymous> (C:\Users\USER\Desktop\DocumentManagementSystem\backend\src\routes\ai.js:12:8)
    at Module._compile (node:internal/modules/cjs/loader:1812:14)
    at Object..js (node:internal/modules/cjs/loader:1943:10)
    at Module.load (node:internal/modules/cjs/loader:1533:32)
    at Module._load (node:internal/modules/cjs/loader:1335:12)
    at wrapModuleLoad (node:internal/modules/cjs/loader:255:19)
    at Module.require (node:internal/modules/cjs/loader:1556:12)
    at require (node:internal/modules/helpers:152:16)
    at Object.<anonymous> (C:\Users\USER\Desktop\DocumentManagementSystem\backend\src\app.js:29:18)
    at Module._compile (node:internal/modules/cjs/loader:1812:14)
    at Object..js (node:internal/modules/cjs/loader:1943:10)
    at Module.load (node:internal/modules/cjs/loader:1533:32)
    at Module._load (node:internal/modules/cjs/loader:1335:12)
    at wrapModuleLoad (node:internal/modules/cjs/loader:255:19)
    at Module.require (node:internal/modules/cjs/loader:1556:12)
    at require (node:internal/modules/helpers:152:16)
    at Object.<anonymous> (C:\Users\USER\Desktop\DocumentManagementSystem\backend\src\index.js:24:13)
    at Module._compile (node:internal/modules/cjs/loader:1812:14)
    at Object..js (node:internal/modules/cjs/loader:1943:10)
    at Module.load (node:internal/modules/cjs/loader:1533:32)


===== [2026-08-26T02:19:11.987Z] UNCAUGHT EXCEPTION =====
Error: Route.get() requires a callback function but got a [object Undefined]
    at Route.<computed> [as get] (C:\Users\USER\Desktop\DocumentManagementSystem\backend\node_modules\express\lib\router\route.js:216:15)
    at proto.<computed> [as get] (C:\Users\USER\Desktop\DocumentManagementSystem\backend\node_modules\express\lib\router\index.js:521:19)
    at Object.<anonymous> (C:\Users\USER\Desktop\DocumentManagementSystem\backend\src\routes\ai.js:12:8)
    at Module._compile (node:internal/modules/cjs/loader:1812:14)
    at Object..js (node:internal/modules/cjs/loader:1943:10)
    at Module.load (node:internal/modules/cjs/loader:1533:32)
    at Module._load (node:internal/modules/cjs/loader:1335:12)
    at wrapModuleLoad (node:internal/modules/cjs/loader:255:19)
    at Module.require (node:internal/modules/cjs/loader:1556:12)
    at require (node:internal/modules/helpers:152:16)
    at Object.<anonymous> (C:\Users\USER\Desktop\DocumentManagementSystem\backend\src\app.js:29:18)
    at Module._compile (node:internal/modules/cjs/loader:1812:14)
    at Object..js (node:internal/modules/cjs/loader:1943:10)
    at Module.load (node:internal/modules/cjs/loader:1533:32)
    at Module._load (node:internal/modules/cjs/loader:1335:12)
    at wrapModuleLoad (node:internal/modules/cjs/loader:255:19)
    at Module.require (node:internal/modules/cjs/loader:1556:12)
    at require (node:internal/modules/helpers:152:16)
    at Object.<anonymous> (C:\Users\USER\Desktop\DocumentManagementSystem\backend\src\index.js:24:13)
    at Module._compile (node:internal/modules/cjs/loader:1812:14)
    at Object..js (node:internal/modules/cjs/loader:1943:10)
    at Module.load (node:internal/modules/cjs/loader:1533:32)


===== [2026-08-26T02:36:32.297Z] UNCAUGHT EXCEPTION =====
Error: listen EADDRINUSE: address already in use :::4001
    at Server.setupListenHandle [as _listen2] (node:net:1948:16)
    at listenInCluster (node:net:2005:12)
    at Server.listen (node:net:2110:7)
    at app.listen (C:\Users\USER\Desktop\DocumentManagementSystem\backend\node_modules\express\lib\application.js:635:24)
    at Object.<anonymous> (C:\Users\USER\Desktop\DocumentManagementSystem\backend\src\index.js:70:5)
    at Module._compile (node:internal/modules/cjs/loader:1812:14)
    at Object..js (node:internal/modules/cjs/loader:1943:10)
    at Module.load (node:internal/modules/cjs/loader:1533:32)
    at Module._load (node:internal/modules/cjs/loader:1335:12)
    at wrapModuleLoad (node:internal/modules/cjs/loader:255:19)
    at Module.executeUserEntryPoint [as runMain] (node:internal/modules/run_main:154:5)
    at node:internal/main/run_main_module:33:47


===== [2026-08-26T03:01:13.697Z] UNCAUGHT EXCEPTION =====
Error: listen EADDRINUSE: address already in use :::4001
    at Server.setupListenHandle [as _listen2] (node:net:1948:16)
    at listenInCluster (node:net:2005:12)
    at Server.listen (node:net:2110:7)
    at app.listen (C:\Users\USER\Desktop\DocumentManagementSystem\backend\node_modules\express\lib\application.js:635:24)
    at Object.<anonymous> (C:\Users\USER\Desktop\DocumentManagementSystem\backend\src\index.js:70:5)
    at Module._compile (node:internal/modules/cjs/loader:1812:14)
    at Object..js (node:internal/modules/cjs/loader:1943:10)
    at Module.load (node:internal/modules/cjs/loader:1533:32)
    at Module._load (node:internal/modules/cjs/loader:1335:12)
    at wrapModuleLoad (node:internal/modules/cjs/loader:255:19)
    at Module.executeUserEntryPoint [as runMain] (node:internal/modules/run_main:154:5)
    at node:internal/main/run_main_module:33:47
