2026-09-22 11:49:01 0 [Note] Using unique option prefix 'key_buffer' is error-prone and can break in the future. Please use the full name 'key_buffer_size' instead.
2026-09-22 11:49:01 0 [Warning] Can't create test file 'C:\xampp\mysql\data\Tech11.lower-test' (Errcode: 13 "Permission denied")
2026-09-22 11:49:01 0 [Note] Starting MariaDB 10.4.32-MariaDB source revision c4143f909528e3fab0677a28631d10389354c491 as process 8764
2026-09-22 11:49:01 0 [Note] InnoDB: Mutexes and rw_locks use Windows interlocked functions
2026-09-22 11:49:01 0 [Note] InnoDB: Uses event mutexes
2026-09-22 11:49:01 0 [Note] InnoDB: Compressed tables use zlib 1.3
2026-09-22 11:49:01 0 [Note] InnoDB: Number of pools: 1
2026-09-22 11:49:01 0 [Note] InnoDB: Using SSE2 crc32 instructions
2026-09-22 11:49:01 0 [ERROR] InnoDB: Unable to create temporary file; errno: 0
2026-09-22 11:49:01 0 [ERROR] InnoDB: Unable to create temporary file; errno: 0
2026-09-22 11:49:01 0 [ERROR] InnoDB: Plugin initialization aborted with error Generic error
2026-09-22 11:49:01 0 [Note] InnoDB: Starting shutdown...
2026-09-22 11:49:01 0 [ERROR] Plugin 'InnoDB' registration as a STORAGE ENGINE failed.
2026-09-22 11:49:01 0 [Note] Plugin 'FEEDBACK' is disabled.
2026-09-22 11:49:01 0 [ERROR] Unknown/unsupported storage engine: InnoDB
2026-09-22 11:49:01 0 [ERROR] Aborting
2026-09-22 11:49:01 0 [ERROR] mysqld.exe: Error writing file 'C:\xampp\mysql\data\aria_log.00000001' (Errcode: 13 "Permission denied")
2026-09-22 11:49:01 0 [ERROR] mysqld.exe: Can't sync file 'C:\xampp\mysql\data\aria_log.00000001' to disk (Errcode: 13 "Permission denied")
2026-09-22 11:49:01 0 [ERROR] mysqld.exe: Aria engine: checkpoint failed
2026-09-22 11:49:01 0 [ERROR] mysqld.exe: Error writing file 'C:\xampp\mysql\data\aria_log_control' (Errcode: 13 "Permission denied")
