2026-09-24 15:25:19 0 [Note] Starting MariaDB 10.4.32-MariaDB source revision c4143f909528e3fab0677a28631d10389354c491 as process 18352
2026-09-24 15:25:19 0 [Note] InnoDB: The first innodb_system data file 'ibdata1' did not exist. A new tablespace will be created!
2026-09-24 15:25:20 0 [Note] InnoDB: Mutexes and rw_locks use Windows interlocked functions
2026-09-24 15:25:20 0 [Note] InnoDB: Uses event mutexes
2026-09-24 15:25:20 0 [Note] InnoDB: Compressed tables use zlib 1.3
2026-09-24 15:25:20 0 [Note] InnoDB: Number of pools: 1
2026-09-24 15:25:20 0 [Note] InnoDB: Using SSE2 crc32 instructions
2026-09-24 15:25:20 0 [Note] InnoDB: Initializing buffer pool, total size = 128M, instances = 1, chunk size = 128M
2026-09-24 15:25:20 0 [Note] InnoDB: Completed initialization of buffer pool
2026-09-24 15:25:20 0 [Note] InnoDB: Setting file '.\ibdata1' size to 12 MB. Physically writing the file full; Please wait ...
2026-09-24 15:25:20 0 [Note] InnoDB: File '.\ibdata1' size is now 12 MB.
2026-09-24 15:25:20 0 [Note] InnoDB: Setting log file .\ib_logfile101 size to 50331648 bytes
2026-09-24 15:25:20 0 [Note] InnoDB: Setting log file .\ib_logfile1 size to 50331648 bytes
2026-09-24 15:25:23 0 [Note] InnoDB: Renaming log file .\ib_logfile101 to .\ib_logfile0
2026-09-24 15:25:23 0 [Note] InnoDB: New log files created, LSN=11451
2026-09-24 15:25:23 0 [Note] InnoDB: Doublewrite buffer not found: creating new
2026-09-24 15:25:24 0 [Note] InnoDB: Doublewrite buffer created
2026-09-24 15:25:24 0 [Note] InnoDB: 128 out of 128 rollback segments are active.
2026-09-24 15:25:24 0 [Note] InnoDB: Creating foreign key constraint system tables.
2026-09-24 15:25:24 0 [Note] InnoDB: Creating tablespace and datafile system tables.
2026-09-24 15:25:24 0 [Note] InnoDB: Creating sys_virtual system tables.
2026-09-24 15:25:24 0 [Note] InnoDB: Creating shared tablespace for temporary tables
2026-09-24 15:25:24 0 [Note] InnoDB: Setting file '.\ibtmp1' size to 12 MB. Physically writing the file full; Please wait ...
2026-09-24 15:25:24 0 [Note] InnoDB: File '.\ibtmp1' size is now 12 MB.
2026-09-24 15:25:24 0 [Note] InnoDB: Waiting for purge to start
2026-09-24 15:25:24 0 [Note] InnoDB: 10.4.32 started; log sequence number 0; transaction id 7
2026-09-24 15:25:24 0 [Note] Plugin 'FEEDBACK' is disabled.
2026-09-24 15:25:51 0 [Note] Starting MariaDB 10.4.32-MariaDB source revision c4143f909528e3fab0677a28631d10389354c491 as process 30252
2026-09-24 15:25:51 0 [Note] InnoDB: Mutexes and rw_locks use Windows interlocked functions
2026-09-24 15:25:51 0 [Note] InnoDB: Uses event mutexes
2026-09-24 15:25:51 0 [Note] InnoDB: Compressed tables use zlib 1.3
2026-09-24 15:25:51 0 [Note] InnoDB: Number of pools: 1
2026-09-24 15:25:51 0 [Note] InnoDB: Using SSE2 crc32 instructions
2026-09-24 15:25:51 0 [Note] InnoDB: Initializing buffer pool, total size = 128M, instances = 1, chunk size = 128M
2026-09-24 15:25:51 0 [Note] InnoDB: Completed initialization of buffer pool
2026-09-24 15:25:51 0 [Note] InnoDB: 128 out of 128 rollback segments are active.
2026-09-24 15:25:51 0 [Note] InnoDB: Creating shared tablespace for temporary tables
2026-09-24 15:25:51 0 [Note] InnoDB: Setting file '.\ibtmp1' size to 12 MB. Physically writing the file full; Please wait ...
2026-09-24 15:25:51 0 [Note] InnoDB: File '.\ibtmp1' size is now 12 MB.
2026-09-24 15:25:51 0 [Note] InnoDB: Waiting for purge to start
2026-09-24 15:25:51 0 [Note] InnoDB: 10.4.32 started; log sequence number 60997; transaction id 20
2026-09-24 15:25:51 0 [Note] InnoDB: Loading buffer pool(s) from c:\Users\USER\Desktop\DocumentManagementSystem\backend\mysql-local-data\ib_buffer_pool
2026-09-24 15:25:51 0 [Note] Plugin 'FEEDBACK' is disabled.
2026-09-24 15:25:51 0 [Note] InnoDB: Buffer pool(s) load completed at 260924 15:25:51
2026-09-24 15:25:51 0 [Note] Server socket created on IP: '127.0.0.1'.
2026-09-24 15:27:29 0 [Note] Starting MariaDB 10.4.32-MariaDB source revision c4143f909528e3fab0677a28631d10389354c491 as process 24096
2026-09-24 15:27:29 0 [Note] InnoDB: Mutexes and rw_locks use Windows interlocked functions
2026-09-24 15:27:29 0 [Note] InnoDB: Uses event mutexes
2026-09-24 15:27:29 0 [Note] InnoDB: Compressed tables use zlib 1.3
2026-09-24 15:27:29 0 [Note] InnoDB: Number of pools: 1
2026-09-24 15:27:29 0 [Note] InnoDB: Using SSE2 crc32 instructions
2026-09-24 15:27:29 0 [Note] InnoDB: Initializing buffer pool, total size = 128M, instances = 1, chunk size = 128M
2026-09-24 15:27:29 0 [Note] InnoDB: Completed initialization of buffer pool
2026-09-24 15:27:29 0 [Note] InnoDB: 128 out of 128 rollback segments are active.
2026-09-24 15:27:29 0 [Note] InnoDB: Creating shared tablespace for temporary tables
2026-09-24 15:27:29 0 [Note] InnoDB: Setting file '.\ibtmp1' size to 12 MB. Physically writing the file full; Please wait ...
2026-09-24 15:27:29 0 [Note] InnoDB: File '.\ibtmp1' size is now 12 MB.
2026-09-24 15:27:29 0 [Note] InnoDB: Waiting for purge to start
2026-09-24 15:27:29 0 [Note] InnoDB: 10.4.32 started; log sequence number 13507883; transaction id 4818
2026-09-24 15:27:29 0 [Note] InnoDB: Loading buffer pool(s) from c:\Users\USER\Desktop\DocumentManagementSystem\backend\mysql-local-data\ib_buffer_pool
2026-09-24 15:27:29 0 [Note] Plugin 'FEEDBACK' is disabled.
2026-09-24 15:27:29 0 [Note] Server socket created on IP: '127.0.0.1'.
2026-09-24 15:28:32 0 [Note] Starting MariaDB 10.4.32-MariaDB source revision c4143f909528e3fab0677a28631d10389354c491 as process 16448
2026-09-24 15:28:32 0 [Note] InnoDB: Mutexes and rw_locks use Windows interlocked functions
2026-09-24 15:28:32 0 [Note] InnoDB: Uses event mutexes
2026-09-24 15:28:32 0 [Note] InnoDB: Compressed tables use zlib 1.3
2026-09-24 15:28:32 0 [Note] InnoDB: Number of pools: 1
2026-09-24 15:28:32 0 [Note] InnoDB: Using SSE2 crc32 instructions
2026-09-24 15:28:32 0 [Note] InnoDB: Initializing buffer pool, total size = 128M, instances = 1, chunk size = 128M
2026-09-24 15:28:32 0 [Note] InnoDB: Completed initialization of buffer pool
2026-09-24 15:28:32 0 [Note] InnoDB: 128 out of 128 rollback segments are active.
2026-09-24 15:28:32 0 [Note] InnoDB: Creating shared tablespace for temporary tables
2026-09-24 15:28:32 0 [Note] InnoDB: Setting file '.\ibtmp1' size to 12 MB. Physically writing the file full; Please wait ...
2026-09-24 15:28:32 0 [Note] InnoDB: File '.\ibtmp1' size is now 12 MB.
2026-09-24 15:28:32 0 [Note] InnoDB: Waiting for purge to start
2026-09-24 15:28:32 0 [Note] InnoDB: 10.4.32 started; log sequence number 13507892; transaction id 4818
2026-09-24 15:28:32 0 [Note] InnoDB: Loading buffer pool(s) from c:\Users\USER\Desktop\DocumentManagementSystem\backend\mysql-local-data\ib_buffer_pool
2026-09-24 15:28:32 0 [Note] Plugin 'FEEDBACK' is disabled.
2026-09-24 15:28:32 0 [Note] Server socket created on IP: '127.0.0.1'.
2026-09-24 15:28:58 0 [Note] Starting MariaDB 10.4.32-MariaDB source revision c4143f909528e3fab0677a28631d10389354c491 as process 21876
2026-09-24 15:28:58 0 [Note] InnoDB: Mutexes and rw_locks use Windows interlocked functions
2026-09-24 15:28:58 0 [Note] InnoDB: Uses event mutexes
2026-09-24 15:28:58 0 [Note] InnoDB: Compressed tables use zlib 1.3
2026-09-24 15:28:58 0 [Note] InnoDB: Number of pools: 1
2026-09-24 15:28:58 0 [Note] InnoDB: Using SSE2 crc32 instructions
2026-09-24 15:28:58 0 [Note] InnoDB: Initializing buffer pool, total size = 128M, instances = 1, chunk size = 128M
2026-09-24 15:28:58 0 [Note] InnoDB: Completed initialization of buffer pool
2026-09-24 15:28:58 0 [Note] InnoDB: 128 out of 128 rollback segments are active.
2026-09-24 15:28:58 0 [Note] InnoDB: Creating shared tablespace for temporary tables
2026-09-24 15:28:58 0 [Note] InnoDB: Setting file '.\ibtmp1' size to 12 MB. Physically writing the file full; Please wait ...
2026-09-24 15:28:58 0 [Note] InnoDB: File '.\ibtmp1' size is now 12 MB.
2026-09-24 15:28:58 0 [Note] InnoDB: Waiting for purge to start
2026-09-24 15:28:58 0 [Note] InnoDB: 10.4.32 started; log sequence number 13569578; transaction id 4955
2026-09-24 15:28:58 0 [Note] InnoDB: Loading buffer pool(s) from c:\Users\USER\Desktop\DocumentManagementSystem\backend\mysql-local-data\ib_buffer_pool
2026-09-24 15:28:58 0 [Note] Plugin 'FEEDBACK' is disabled.
2026-09-24 15:28:58 0 [Note] Server socket created on IP: '127.0.0.1'.
2026-09-24 15:29:58 0 [Note] Starting MariaDB 10.4.32-MariaDB source revision c4143f909528e3fab0677a28631d10389354c491 as process 27804
2026-09-24 15:29:59 0 [Note] InnoDB: Mutexes and rw_locks use Windows interlocked functions
2026-09-24 15:29:59 0 [Note] InnoDB: Uses event mutexes
2026-09-24 15:29:59 0 [Note] InnoDB: Compressed tables use zlib 1.3
2026-09-24 15:29:59 0 [Note] InnoDB: Number of pools: 1
2026-09-24 15:29:59 0 [Note] InnoDB: Using SSE2 crc32 instructions
2026-09-24 15:29:59 0 [Note] InnoDB: Initializing buffer pool, total size = 128M, instances = 1, chunk size = 128M
2026-09-24 15:29:59 0 [Note] InnoDB: Completed initialization of buffer pool
2026-09-24 15:29:59 0 [Note] InnoDB: 128 out of 128 rollback segments are active.
2026-09-24 15:29:59 0 [Note] InnoDB: Creating shared tablespace for temporary tables
2026-09-24 15:29:59 0 [Note] InnoDB: Setting file '.\ibtmp1' size to 12 MB. Physically writing the file full; Please wait ...
2026-09-24 15:29:59 0 [Note] InnoDB: File '.\ibtmp1' size is now 12 MB.
2026-09-24 15:29:59 0 [Note] InnoDB: Waiting for purge to start
2026-09-24 15:29:59 0 [Note] InnoDB: 10.4.32 started; log sequence number 13581118; transaction id 5078
2026-09-24 15:29:59 0 [Note] InnoDB: Loading buffer pool(s) from c:\Users\USER\Desktop\DocumentManagementSystem\backend\mysql-local-data\ib_buffer_pool
2026-09-24 15:29:59 0 [Note] Plugin 'FEEDBACK' is disabled.
2026-09-24 15:29:59 0 [Note] Server socket created on IP: '127.0.0.1'.
2026-09-24 15:30:00 0 [Note] InnoDB: Buffer pool(s) load completed at 260924 15:30:00
2026-09-24 15:30:01 0 [Note] Reading of all Master_info entries succeeded
2026-09-24 15:30:01 0 [Note] Added new Master_info '' to hash table
2026-09-24 15:30:01 0 [Note] C:\xampp\mysql\bin\mysqld.exe: ready for connections.
Version: '10.4.32-MariaDB'  socket: ''  port: 3306  mariadb.org binary distribution
2026-09-24 15:31:49 0 [Note] Starting MariaDB 10.4.32-MariaDB source revision c4143f909528e3fab0677a28631d10389354c491 as process 13912
2026-09-24 15:31:49 0 [Note] InnoDB: !!! innodb_force_recovery is set to 3 !!!
2026-09-24 15:31:49 0 [Note] InnoDB: Mutexes and rw_locks use Windows interlocked functions
2026-09-24 15:31:49 0 [Note] InnoDB: Uses event mutexes
2026-09-24 15:31:49 0 [Note] InnoDB: Compressed tables use zlib 1.3
2026-09-24 15:31:49 0 [Note] InnoDB: Number of pools: 1
2026-09-24 15:31:49 0 [Note] InnoDB: Using SSE2 crc32 instructions
2026-09-24 15:31:49 0 [Note] InnoDB: Initializing buffer pool, total size = 128M, instances = 1, chunk size = 128M
2026-09-24 15:31:49 0 [Note] InnoDB: Completed initialization of buffer pool
2026-09-24 15:31:49 0 [Note] InnoDB: Starting crash recovery from checkpoint LSN=13581118
2026-09-24 15:31:50 0 [Note] InnoDB: 128 out of 128 rollback segments are active.
2026-09-24 15:31:50 0 [Note] InnoDB: Removed temporary tablespace data file: "ibtmp1"
2026-09-24 15:31:50 0 [Note] InnoDB: Creating shared tablespace for temporary tables
2026-09-24 15:31:50 0 [Note] InnoDB: Setting file '.\ibtmp1' size to 12 MB. Physically writing the file full; Please wait ...
2026-09-24 15:31:50 0 [Note] InnoDB: File '.\ibtmp1' size is now 12 MB.
2026-09-24 15:31:50 0 [Note] InnoDB: 10.4.32 started; log sequence number 13581127; transaction id 5077
2026-09-24 15:31:50 0 [Note] InnoDB: Loading buffer pool(s) from c:\Users\USER\Desktop\DocumentManagementSystem\backend\mysql-local-data\ib_buffer_pool
2026-09-24 15:31:50 0 [Note] Plugin 'FEEDBACK' is disabled.
2026-09-24 15:31:50 0 [Note] Server socket created on IP: '127.0.0.1'.
2026-09-24 15:34:01 0 [Note] Starting MariaDB 10.4.32-MariaDB source revision c4143f909528e3fab0677a28631d10389354c491 as process 18372
2026-09-24 15:34:01 0 [Note] InnoDB: !!! innodb_force_recovery is set to 2 !!!
2026-09-24 15:34:01 0 [Note] InnoDB: Mutexes and rw_locks use Windows interlocked functions
2026-09-24 15:34:01 0 [Note] InnoDB: Uses event mutexes
2026-09-24 15:34:01 0 [Note] InnoDB: Compressed tables use zlib 1.3
2026-09-24 15:34:01 0 [Note] InnoDB: Number of pools: 1
2026-09-24 15:34:01 0 [Note] InnoDB: Using SSE2 crc32 instructions
2026-09-24 15:34:01 0 [Note] InnoDB: Initializing buffer pool, total size = 128M, instances = 1, chunk size = 128M
2026-09-24 15:34:01 0 [Note] InnoDB: Completed initialization of buffer pool
2026-09-24 15:34:01 0 [Note] InnoDB: Starting crash recovery from checkpoint LSN=13581118
2026-09-24 15:34:02 0 [Note] InnoDB: 128 out of 128 rollback segments are active.
2026-09-24 15:34:02 0 [Note] InnoDB: Removed temporary tablespace data file: "ibtmp1"
2026-09-24 15:34:02 0 [Note] InnoDB: Creating shared tablespace for temporary tables
2026-09-24 15:34:02 0 [Note] InnoDB: Setting file '.\ibtmp1' size to 12 MB. Physically writing the file full; Please wait ...
2026-09-24 15:34:02 0 [Note] InnoDB: File '.\ibtmp1' size is now 12 MB.
2026-09-24 15:34:02 0 [Note] InnoDB: 10.4.32 started; log sequence number 13581127; transaction id 5078
2026-09-24 15:34:02 0 [Note] InnoDB: Loading buffer pool(s) from c:\Users\USER\Desktop\DocumentManagementSystem\backend\mysql-local-data\ib_buffer_pool
2026-09-24 15:34:02 0 [Note] Plugin 'FEEDBACK' is disabled.
2026-09-24 15:34:02 0 [Note] Server socket created on IP: '127.0.0.1'.
2026-09-24 15:35:32 0 [Note] Starting MariaDB 10.4.32-MariaDB source revision c4143f909528e3fab0677a28631d10389354c491 as process 11180
2026-09-24 15:35:32 0 [Note] InnoDB: !!! innodb_force_recovery is set to 2 !!!
2026-09-24 15:35:32 0 [Note] InnoDB: Mutexes and rw_locks use Windows interlocked functions
2026-09-24 15:35:32 0 [Note] InnoDB: Uses event mutexes
2026-09-24 15:35:32 0 [Note] InnoDB: Compressed tables use zlib 1.3
2026-09-24 15:35:32 0 [Note] InnoDB: Number of pools: 1
2026-09-24 15:35:32 0 [Note] InnoDB: Using SSE2 crc32 instructions
2026-09-24 15:35:32 0 [Note] InnoDB: Initializing buffer pool, total size = 128M, instances = 1, chunk size = 128M
2026-09-24 15:35:32 0 [Note] InnoDB: Completed initialization of buffer pool
2026-09-24 15:35:32 0 [Note] InnoDB: Starting crash recovery from checkpoint LSN=13581118
2026-09-24 15:35:33 0 [Note] InnoDB: 128 out of 128 rollback segments are active.
2026-09-24 15:35:33 0 [Note] InnoDB: Removed temporary tablespace data file: "ibtmp1"
2026-09-24 15:35:33 0 [Note] InnoDB: Creating shared tablespace for temporary tables
2026-09-24 15:35:33 0 [Note] InnoDB: Setting file '.\ibtmp1' size to 12 MB. Physically writing the file full; Please wait ...
2026-09-24 15:35:33 0 [Note] InnoDB: File '.\ibtmp1' size is now 12 MB.
2026-09-24 15:35:33 0 [Note] InnoDB: 10.4.32 started; log sequence number 13581136; transaction id 5078
2026-09-24 15:35:33 0 [Note] InnoDB: Loading buffer pool(s) from c:\Users\USER\Desktop\DocumentManagementSystem\backend\mysql-local-data\ib_buffer_pool
2026-09-24 15:35:33 0 [Note] Plugin 'FEEDBACK' is disabled.
2026-09-24 15:35:33 0 [Note] Server socket created on IP: '127.0.0.1'.
2026-09-25  8:53:12 0 [Note] Starting MariaDB 10.4.32-MariaDB source revision c4143f909528e3fab0677a28631d10389354c491 as process 22852
2026-09-25  8:53:12 0 [Note] InnoDB: Mutexes and rw_locks use Windows interlocked functions
2026-09-25  8:53:12 0 [Note] InnoDB: Uses event mutexes
2026-09-25  8:53:12 0 [Note] InnoDB: Compressed tables use zlib 1.3
2026-09-25  8:53:12 0 [Note] InnoDB: Number of pools: 1
2026-09-25  8:53:12 0 [Note] InnoDB: Using SSE2 crc32 instructions
2026-09-25  8:53:12 0 [Note] InnoDB: Initializing buffer pool, total size = 128M, instances = 1, chunk size = 128M
2026-09-25  8:53:12 0 [Note] InnoDB: Completed initialization of buffer pool
2026-09-25  8:53:12 0 [Note] InnoDB: Starting crash recovery from checkpoint LSN=13581118
2026-09-25  8:53:12 0 [Note] InnoDB: Starting final batch to recover 16 pages from redo log.
2026-09-25  8:53:13 0 [Note] InnoDB: 128 out of 128 rollback segments are active.
2026-09-25  8:53:13 0 [Note] InnoDB: Removed temporary tablespace data file: "ibtmp1"
2026-09-25  8:53:13 0 [Note] InnoDB: Creating shared tablespace for temporary tables
2026-09-25  8:53:13 0 [Note] InnoDB: Setting file '.\ibtmp1' size to 12 MB. Physically writing the file full; Please wait ...
2026-09-25  8:53:13 0 [Note] InnoDB: File '.\ibtmp1' size is now 12 MB.
2026-09-25  8:53:13 0 [Note] InnoDB: Waiting for purge to start
2026-09-25  8:53:13 0 [Note] InnoDB: 10.4.32 started; log sequence number 13598581; transaction id 5217
2026-09-25  8:53:13 0 [Note] InnoDB: Loading buffer pool(s) from C:\Users\USER\Desktop\DocumentManagementSystem\backend\mysql-local-data\ib_buffer_pool
2026-09-25  8:53:13 0 [Note] Plugin 'FEEDBACK' is disabled.
2026-09-25  8:53:13 0 [Note] Server socket created on IP: '127.0.0.1'.
2026-09-25  8:53:13 0 [Note] Reading of all Master_info entries succeeded
2026-09-25  8:53:13 0 [Note] Added new Master_info '' to hash table
2026-09-25  8:53:13 0 [Note] C:\xampp\mysql\bin\mysqld.exe: ready for connections.
Version: '10.4.32-MariaDB'  socket: ''  port: 3306  mariadb.org binary distribution
2026-09-25  8:53:13 0 [Note] InnoDB: Buffer pool(s) load completed at 260925  8:53:13
2026-09-25  9:00:38 0 [Note] Starting MariaDB 10.4.32-MariaDB source revision c4143f909528e3fab0677a28631d10389354c491 as process 9712
2026-09-25  9:00:38 0 [Note] InnoDB: Mutexes and rw_locks use Windows interlocked functions
2026-09-25  9:00:38 0 [Note] InnoDB: Uses event mutexes
2026-09-25  9:00:38 0 [Note] InnoDB: Compressed tables use zlib 1.3
2026-09-25  9:00:38 0 [Note] InnoDB: Number of pools: 1
2026-09-25  9:00:38 0 [Note] InnoDB: Using SSE2 crc32 instructions
2026-09-25  9:00:38 0 [Note] InnoDB: Initializing buffer pool, total size = 128M, instances = 1, chunk size = 128M
2026-09-25  9:00:38 0 [Note] InnoDB: Completed initialization of buffer pool
2026-09-25  9:00:38 0 [Note] InnoDB: Starting crash recovery from checkpoint LSN=13599515
2026-09-25  9:00:38 0 [Note] InnoDB: 128 out of 128 rollback segments are active.
2026-09-25  9:00:38 0 [Note] InnoDB: Removed temporary tablespace data file: "ibtmp1"
2026-09-25  9:00:38 0 [Note] InnoDB: Creating shared tablespace for temporary tables
2026-09-25  9:00:38 0 [Note] InnoDB: Setting file '.\ibtmp1' size to 12 MB. Physically writing the file full; Please wait ...
2026-09-25  9:00:38 0 [Note] InnoDB: File '.\ibtmp1' size is now 12 MB.
2026-09-25  9:00:38 0 [Note] InnoDB: Waiting for purge to start
2026-09-25  9:00:38 0 [Note] InnoDB: 10.4.32 started; log sequence number 13599524; transaction id 5217
2026-09-25  9:00:38 0 [Note] InnoDB: Loading buffer pool(s) from c:\Users\USER\Desktop\DocumentManagementSystem\backend\mysql-local-data\ib_buffer_pool
2026-09-25  9:00:38 0 [Note] Plugin 'FEEDBACK' is disabled.
2026-09-25  9:00:38 0 [Note] Server socket created on IP: '127.0.0.1'.
2026-09-25  9:00:38 0 [Note] Reading of all Master_info entries succeeded
2026-09-25  9:00:38 0 [Note] Added new Master_info '' to hash table
2026-09-25  9:00:38 0 [Note] C:\xampp\mysql\bin\mysqld.exe: ready for connections.
Version: '10.4.32-MariaDB'  socket: ''  port: 3306  mariadb.org binary distribution
2026-09-25  9:00:38 0 [Note] InnoDB: Buffer pool(s) load completed at 260925  9:00:38
2026-09-25  9:06:57 9 [Warning] Aborted connection 9 to db: 'dms_dev' user: 'root' host: 'localhost' (Got an error reading communication packets)
2026-09-25  9:06:57 8 [Warning] Aborted connection 8 to db: 'dms_dev' user: 'root' host: 'localhost' (Got an error reading communication packets)
2026-09-25  9:11:05 15 [Warning] Aborted connection 15 to db: 'dms_dev' user: 'root' host: 'localhost' (Got an error reading communication packets)
2026-09-25  9:14:20 13 [Warning] Aborted connection 13 to db: 'dms_dev' user: 'root' host: 'localhost' (Got an error reading communication packets)
2026-09-25  9:16:28 21 [Warning] Aborted connection 21 to db: 'dms_dev' user: 'root' host: 'localhost' (Got an error reading communication packets)
2026-09-25  9:16:28 20 [Warning] Aborted connection 20 to db: 'dms_dev' user: 'root' host: 'localhost' (Got an error reading communication packets)
2026-09-25  9:16:35 14 [Warning] Aborted connection 14 to db: 'dms_dev' user: 'root' host: 'localhost' (Got an error reading communication packets)
2026-09-25  9:16:35 19 [Warning] Aborted connection 19 to db: 'dms_dev' user: 'root' host: 'localhost' (Got an error reading communication packets)
2026-09-25  9:16:35 18 [Warning] Aborted connection 18 to db: 'dms_dev' user: 'root' host: 'localhost' (Got an error reading communication packets)
2026-09-25  9:16:35 16 [Warning] Aborted connection 16 to db: 'dms_dev' user: 'root' host: 'localhost' (Got an error reading communication packets)
2026-09-25  9:16:35 12 [Warning] Aborted connection 12 to db: 'dms_dev' user: 'root' host: 'localhost' (Got an error reading communication packets)
2026-09-25  9:16:35 17 [Warning] Aborted connection 17 to db: 'dms_dev' user: 'root' host: 'localhost' (Got an error reading communication packets)
2026-09-25  9:16:35 11 [Warning] Aborted connection 11 to db: 'dms_dev' user: 'root' host: 'localhost' (Got an error reading communication packets)
2026-09-25  9:21:35 27 [Warning] Aborted connection 27 to db: 'dms_dev' user: 'root' host: 'localhost' (Got an error reading communication packets)
2026-09-25  9:24:27 29 [Warning] Aborted connection 29 to db: 'dms_dev' user: 'root' host: 'localhost' (Got an error reading communication packets)
2026-09-25  9:24:27 34 [Warning] Aborted connection 34 to db: 'dms_dev' user: 'root' host: 'localhost' (Got an error reading communication packets)
2026-09-25  9:26:48 38 [Warning] Aborted connection 38 to db: 'dms_dev' user: 'root' host: 'localhost' (Got an error reading communication packets)
2026-09-25  9:29:30 39 [Warning] Aborted connection 39 to db: 'dms_dev' user: 'root' host: 'localhost' (Got an error reading communication packets)
2026-09-25  9:34:31 43 [Warning] Aborted connection 43 to db: 'dms_dev' user: 'root' host: 'localhost' (Got an error reading communication packets)
2026-09-25  9:40:25 44 [Warning] Aborted connection 44 to db: 'dms_dev' user: 'root' host: 'localhost' (Got an error reading communication packets)
2026-09-25  9:40:25 42 [Warning] Aborted connection 42 to db: 'dms_dev' user: 'root' host: 'localhost' (Got an error reading communication packets)
2026-09-25  9:40:25 40 [Warning] Aborted connection 40 to db: 'dms_dev' user: 'root' host: 'localhost' (Got an error reading communication packets)
2026-09-25  9:47:01 45 [Warning] Aborted connection 45 to db: 'dms_dev' user: 'root' host: 'localhost' (Got an error reading communication packets)
2026-09-25  9:47:01 46 [Warning] Aborted connection 46 to db: 'dms_dev' user: 'root' host: 'localhost' (Got an error reading communication packets)
2026-09-25 10:01:23 48 [Warning] Aborted connection 48 to db: 'dms_dev' user: 'root' host: 'localhost' (Got an error reading communication packets)
2026-09-25 10:06:42 50 [Warning] Aborted connection 50 to db: 'dms_dev' user: 'root' host: 'localhost' (Got an error reading communication packets)
2026-09-25 10:06:42 49 [Warning] Aborted connection 49 to db: 'dms_dev' user: 'root' host: 'localhost' (Got an error reading communication packets)
2026-09-25 10:06:42 47 [Warning] Aborted connection 47 to db: 'dms_dev' user: 'root' host: 'localhost' (Got an error reading communication packets)
2026-09-25 10:06:55 25 [Warning] Aborted connection 25 to db: 'dms_dev' user: 'root' host: 'localhost' (Got an error reading communication packets)
2026-09-25 10:06:55 26 [Warning] Aborted connection 26 to db: 'dms_dev' user: 'root' host: 'localhost' (Got an error reading communication packets)
2026-09-25 10:06:55 30 [Warning] Aborted connection 30 to db: 'dms_dev' user: 'root' host: 'localhost' (Got an error reading communication packets)
2026-09-25 10:06:55 35 [Warning] Aborted connection 35 to db: 'dms_dev' user: 'root' host: 'localhost' (Got an error reading communication packets)
2026-09-25 10:06:55 23 [Warning] Aborted connection 23 to db: 'dms_dev' user: 'root' host: 'localhost' (Got an error reading communication packets)
2026-09-25 10:06:55 24 [Warning] Aborted connection 24 to db: 'dms_dev' user: 'root' host: 'localhost' (Got an error reading communication packets)
2026-09-25 10:06:55 28 [Warning] Aborted connection 28 to db: 'dms_dev' user: 'root' host: 'localhost' (Got an error reading communication packets)
2026-09-25 10:07:12 41 [Warning] Aborted connection 41 to db: 'dms_dev' user: 'root' host: 'localhost' (Got an error reading communication packets)
2026-09-25 10:07:53 10 [Warning] Aborted connection 10 to db: 'dms_dev' user: 'root' host: 'localhost' (Got an error reading communication packets)
2026-09-25 10:11:57 56 [Warning] Aborted connection 56 to db: 'dms_dev' user: 'root' host: 'localhost' (Got an error reading communication packets)
2026-09-25 10:12:34 60 [Warning] Aborted connection 60 to db: 'dms_dev' user: 'root' host: 'localhost' (Got an error reading communication packets)
2026-09-25 10:15:58 59 [Warning] Aborted connection 59 to db: 'dms_dev' user: 'root' host: 'localhost' (Got an error reading communication packets)
2026-09-25 10:17:02 69 [Warning] Aborted connection 69 to db: 'dms_dev' user: 'root' host: 'localhost' (Got an error reading communication packets)
2026-09-25 10:17:44 70 [Warning] Aborted connection 70 to db: 'dms_dev' user: 'root' host: 'localhost' (Got an error reading communication packets)
2026-09-25 10:21:18 71 [Warning] Aborted connection 71 to db: 'dms_dev' user: 'root' host: 'localhost' (Got an error reading communication packets)
2026-09-25 10:21:40 33 [Warning] Aborted connection 33 to db: 'dms_dev' user: 'root' host: 'localhost' (Got an error reading communication packets)
2026-09-25 10:21:41 58 [Warning] Aborted connection 58 to db: 'dms_dev' user: 'root' host: 'localhost' (Got an error reading communication packets)
2026-09-25 10:21:41 55 [Warning] Aborted connection 55 to db: 'dms_dev' user: 'root' host: 'localhost' (Got an error reading communication packets)
2026-09-25 10:21:41 53 [Warning] Aborted connection 53 to db: 'dms_dev' user: 'root' host: 'localhost' (Got an error reading communication packets)
2026-09-25 10:21:41 54 [Warning] Aborted connection 54 to db: 'dms_dev' user: 'root' host: 'localhost' (Got an error reading communication packets)
2026-09-25 10:21:41 52 [Warning] Aborted connection 52 to db: 'dms_dev' user: 'root' host: 'localhost' (Got an error reading communication packets)
2026-09-25 10:21:41 51 [Warning] Aborted connection 51 to db: 'dms_dev' user: 'root' host: 'localhost' (Got an error reading communication packets)
2026-09-25 10:21:41 31 [Warning] Aborted connection 31 to db: 'dms_dev' user: 'root' host: 'localhost' (Got an error reading communication packets)
2026-09-25 10:21:41 36 [Warning] Aborted connection 36 to db: 'dms_dev' user: 'root' host: 'localhost' (Got an error reading communication packets)
2026-09-25 10:21:41 37 [Warning] Aborted connection 37 to db: 'dms_dev' user: 'root' host: 'localhost' (Got an error reading communication packets)
2026-09-25 10:21:41 57 [Warning] Aborted connection 57 to db: 'dms_dev' user: 'root' host: 'localhost' (Got an error reading communication packets)
2026-09-25 10:21:41 22 [Warning] Aborted connection 22 to db: 'dms_dev' user: 'root' host: 'localhost' (Got an error reading communication packets)
2026-09-25 10:21:41 32 [Warning] Aborted connection 32 to db: 'dms_dev' user: 'root' host: 'localhost' (Got an error reading communication packets)
2026-09-25 10:23:33 78 [Warning] Aborted connection 78 to db: 'dms_dev' user: 'root' host: 'localhost' (Got an error reading communication packets)
2026-09-25 10:23:33 76 [Warning] Aborted connection 76 to db: 'dms_dev' user: 'root' host: 'localhost' (Got an error reading communication packets)
2026-09-25 10:23:33 83 [Warning] Aborted connection 83 to db: 'dms_dev' user: 'root' host: 'localhost' (Got an error reading communication packets)
2026-09-25 10:23:33 77 [Warning] Aborted connection 77 to db: 'dms_dev' user: 'root' host: 'localhost' (Got an error reading communication packets)
2026-09-25 10:23:33 82 [Warning] Aborted connection 82 to db: 'dms_dev' user: 'root' host: 'localhost' (Got an error reading communication packets)
2026-09-25 10:23:33 79 [Warning] Aborted connection 79 to db: 'dms_dev' user: 'root' host: 'localhost' (Got an error reading communication packets)
2026-09-25 10:23:33 81 [Warning] Aborted connection 81 to db: 'dms_dev' user: 'root' host: 'localhost' (Got an error reading communication packets)
2026-09-25 10:23:33 84 [Warning] Aborted connection 84 to db: 'dms_dev' user: 'root' host: 'localhost' (Got an error reading communication packets)
2026-09-25 10:23:33 80 [Warning] Aborted connection 80 to db: 'dms_dev' user: 'root' host: 'localhost' (Got an error reading communication packets)
2026-09-25 10:23:36 75 [Warning] Aborted connection 75 to db: 'dms_dev' user: 'root' host: 'localhost' (Got an error reading communication packets)
2026-09-25 10:31:27 90 [Warning] Aborted connection 90 to db: 'dms_dev' user: 'root' host: 'localhost' (Got an error reading communication packets)
2026-09-25 10:48:13 110 [Warning] Aborted connection 110 to db: 'dms_dev' user: 'root' host: 'localhost' (Got an error reading communication packets)
2026-09-25 10:48:13 98 [Warning] Aborted connection 98 to db: 'dms_dev' user: 'root' host: 'localhost' (Got an error reading communication packets)
2026-09-25 10:48:13 95 [Warning] Aborted connection 95 to db: 'dms_dev' user: 'root' host: 'localhost' (Got an error reading communication packets)
2026-09-25 10:48:36 97 [Warning] Aborted connection 97 to db: 'dms_dev' user: 'root' host: 'localhost' (Got an error reading communication packets)
2026-09-25 10:48:36 89 [Warning] Aborted connection 89 to db: 'dms_dev' user: 'root' host: 'localhost' (Got an error reading communication packets)
2026-09-25 10:48:36 96 [Warning] Aborted connection 96 to db: 'dms_dev' user: 'root' host: 'localhost' (Got an error reading communication packets)
2026-09-25 11:01:24 114 [Warning] Aborted connection 114 to db: 'dms_dev' user: 'root' host: 'localhost' (Got an error reading communication packets)
2026-09-25 11:13:56 117 [Warning] Aborted connection 117 to db: 'dms_dev' user: 'root' host: 'localhost' (Got an error reading communication packets)
2026-09-25 11:14:10 115 [Warning] Aborted connection 115 to db: 'dms_dev' user: 'root' host: 'localhost' (Got an error reading communication packets)
2026-09-25 11:14:10 111 [Warning] Aborted connection 111 to db: 'dms_dev' user: 'root' host: 'localhost' (Got an error reading communication packets)
2026-09-25 11:14:12 116 [Warning] Aborted connection 116 to db: 'dms_dev' user: 'root' host: 'localhost' (Got an error reading communication packets)
2026-09-25 11:14:27 112 [Warning] Aborted connection 112 to db: 'dms_dev' user: 'root' host: 'localhost' (Got an error reading communication packets)
2026-09-25 11:15:13 62 [Warning] Aborted connection 62 to db: 'dms_dev' user: 'root' host: 'localhost' (Got an error reading communication packets)
2026-09-25 11:15:19 73 [Warning] Aborted connection 73 to db: 'dms_dev' user: 'root' host: 'localhost' (Got an error reading communication packets)
2026-09-25 11:15:49 109 [Warning] Aborted connection 109 to db: 'dms_dev' user: 'root' host: 'localhost' (Got an error reading communication packets)
2026-09-25 11:15:57 101 [Warning] Aborted connection 101 to db: 'dms_dev' user: 'root' host: 'localhost' (Got an error reading communication packets)
2026-09-25 11:15:57 105 [Warning] Aborted connection 105 to db: 'dms_dev' user: 'root' host: 'localhost' (Got an error reading communication packets)
2026-09-25 11:15:57 106 [Warning] Aborted connection 106 to db: 'dms_dev' user: 'root' host: 'localhost' (Got an error reading communication packets)
2026-09-25 11:15:57 108 [Warning] Aborted connection 108 to db: 'dms_dev' user: 'root' host: 'localhost' (Got an error reading communication packets)
2026-09-25 11:15:57 104 [Warning] Aborted connection 104 to db: 'dms_dev' user: 'root' host: 'localhost' (Got an error reading communication packets)
2026-09-25 11:15:57 103 [Warning] Aborted connection 103 to db: 'dms_dev' user: 'root' host: 'localhost' (Got an error reading communication packets)
2026-09-25 11:15:57 102 [Warning] Aborted connection 102 to db: 'dms_dev' user: 'root' host: 'localhost' (Got an error reading communication packets)
2026-09-25 11:15:57 100 [Warning] Aborted connection 100 to db: 'dms_dev' user: 'root' host: 'localhost' (Got an error reading communication packets)
2026-09-25 11:15:57 107 [Warning] Aborted connection 107 to db: 'dms_dev' user: 'root' host: 'localhost' (Got an error reading communication packets)
2026-09-25 11:19:14 119 [Warning] Aborted connection 119 to db: 'dms_dev' user: 'root' host: 'localhost' (Got an error reading communication packets)
2026-09-25 11:25:21 144 [Warning] Aborted connection 144 to db: 'dms_dev' user: 'root' host: 'localhost' (Got an error reading communication packets)
2026-09-25 11:26:30 120 [Warning] Aborted connection 120 to db: 'dms_dev' user: 'root' host: 'localhost' (Got an error reading communication packets)
2026-09-25 11:26:30 129 [Warning] Aborted connection 129 to db: 'dms_dev' user: 'root' host: 'localhost' (Got an error reading communication packets)
2026-09-25 11:26:30 138 [Warning] Aborted connection 138 to db: 'dms_dev' user: 'root' host: 'localhost' (Got an error reading communication packets)
2026-09-25 11:26:30 140 [Warning] Aborted connection 140 to db: 'dms_dev' user: 'root' host: 'localhost' (Got an error reading communication packets)
2026-09-25 11:26:30 135 [Warning] Aborted connection 135 to db: 'dms_dev' user: 'root' host: 'localhost' (Got an error reading communication packets)
2026-09-25 11:26:30 143 [Warning] Aborted connection 143 to db: 'dms_dev' user: 'root' host: 'localhost' (Got an error reading communication packets)
2026-09-25 11:26:30 142 [Warning] Aborted connection 142 to db: 'dms_dev' user: 'root' host: 'localhost' (Got an error reading communication packets)
2026-09-25 11:26:30 139 [Warning] Aborted connection 139 to db: 'dms_dev' user: 'root' host: 'localhost' (Got an error reading communication packets)
2026-09-25 11:26:30 141 [Warning] Aborted connection 141 to db: 'dms_dev' user: 'root' host: 'localhost' (Got an error reading communication packets)
2026-09-25 11:26:30 136 [Warning] Aborted connection 136 to db: 'dms_dev' user: 'root' host: 'localhost' (Got an error reading communication packets)
2026-09-25 11:37:01 146 [Warning] Aborted connection 146 to db: 'dms_dev' user: 'root' host: 'localhost' (Got an error reading communication packets)
2026-09-25 11:37:01 145 [Warning] Aborted connection 145 to db: 'dms_dev' user: 'root' host: 'localhost' (Got an error reading communication packets)
2026-09-25 11:37:01 118 [Warning] Aborted connection 118 to db: 'dms_dev' user: 'root' host: 'localhost' (Got an error reading communication packets)
2026-09-25 11:37:05 152 [Warning] Aborted connection 152 to db: 'dms_dev' user: 'root' host: 'localhost' (Got an error reading communication packets)
2026-09-25 11:37:05 149 [Warning] Aborted connection 149 to db: 'dms_dev' user: 'root' host: 'localhost' (Got an error reading communication packets)
2026-09-25 11:37:05 150 [Warning] Aborted connection 150 to db: 'dms_dev' user: 'root' host: 'localhost' (Got an error reading communication packets)
2026-09-25 11:37:05 151 [Warning] Aborted connection 151 to db: 'dms_dev' user: 'root' host: 'localhost' (Got an error reading communication packets)
2026-09-25 11:37:05 148 [Warning] Aborted connection 148 to db: 'dms_dev' user: 'root' host: 'localhost' (Got an error reading communication packets)
2026-09-25 11:37:05 153 [Warning] Aborted connection 153 to db: 'dms_dev' user: 'root' host: 'localhost' (Got an error reading communication packets)
2026-09-25 11:37:05 155 [Warning] Aborted connection 155 to db: 'dms_dev' user: 'root' host: 'localhost' (Got an error reading communication packets)
2026-09-25 11:37:05 154 [Warning] Aborted connection 154 to db: 'dms_dev' user: 'root' host: 'localhost' (Got an error reading communication packets)
2026-09-25 11:37:05 147 [Warning] Aborted connection 147 to db: 'dms_dev' user: 'root' host: 'localhost' (Got an error reading communication packets)
2026-09-25 11:37:15 122 [Warning] Aborted connection 122 to db: 'dms_dev' user: 'root' host: 'localhost' (Got an error reading communication packets)
2026-09-25 11:37:15 121 [Warning] Aborted connection 121 to db: 'dms_dev' user: 'root' host: 'localhost' (Got an error reading communication packets)
2026-09-25 11:37:15 113 [Warning] Aborted connection 113 to db: 'dms_dev' user: 'root' host: 'localhost' (Got an error reading communication packets)
2026-09-25 11:37:21 124 [Warning] Aborted connection 124 to db: 'dms_dev' user: 'root' host: 'localhost' (Got an error reading communication packets)
2026-09-25 11:37:21 125 [Warning] Aborted connection 125 to db: 'dms_dev' user: 'root' host: 'localhost' (Got an error reading communication packets)
2026-09-25 11:37:23 123 [Warning] Aborted connection 123 to db: 'dms_dev' user: 'root' host: 'localhost' (Got an error reading communication packets)
2026-09-25 11:39:39 126 [Warning] Aborted connection 126 to db: 'dms_dev' user: 'root' host: 'localhost' (Got an error reading communication packets)
2026-09-25 11:39:42 137 [Warning] Aborted connection 137 to db: 'dms_dev' user: 'root' host: 'localhost' (Got an error reading communication packets)
2026-09-25 11:39:42 133 [Warning] Aborted connection 133 to db: 'dms_dev' user: 'root' host: 'localhost' (Got an error reading communication packets)
2026-09-25 11:39:42 131 [Warning] Aborted connection 131 to db: 'dms_dev' user: 'root' host: 'localhost' (Got an error reading communication packets)
2026-09-25 11:39:42 130 [Warning] Aborted connection 130 to db: 'dms_dev' user: 'root' host: 'localhost' (Got an error reading communication packets)
2026-09-25 11:39:42 128 [Warning] Aborted connection 128 to db: 'dms_dev' user: 'root' host: 'localhost' (Got an error reading communication packets)
2026-09-25 11:39:42 127 [Warning] Aborted connection 127 to db: 'dms_dev' user: 'root' host: 'localhost' (Got an error reading communication packets)
2026-09-25 11:39:42 132 [Warning] Aborted connection 132 to db: 'dms_dev' user: 'root' host: 'localhost' (Got an error reading communication packets)
2026-09-25 11:39:42 134 [Warning] Aborted connection 134 to db: 'dms_dev' user: 'root' host: 'localhost' (Got an error reading communication packets)
2026-09-25 11:39:45 91 [Warning] Aborted connection 91 to db: 'dms_dev' user: 'root' host: 'localhost' (Got an error reading communication packets)
2026-09-25 11:39:45 93 [Warning] Aborted connection 93 to db: 'dms_dev' user: 'root' host: 'localhost' (Got an error reading communication packets)
2026-09-25 11:39:45 72 [Warning] Aborted connection 72 to db: 'dms_dev' user: 'root' host: 'localhost' (Got an error reading communication packets)
2026-09-25 11:39:45 85 [Warning] Aborted connection 85 to db: 'dms_dev' user: 'root' host: 'localhost' (Got an error reading communication packets)
2026-09-25 11:39:45 87 [Warning] Aborted connection 87 to db: 'dms_dev' user: 'root' host: 'localhost' (Got an error reading communication packets)
2026-09-25 11:39:45 86 [Warning] Aborted connection 86 to db: 'dms_dev' user: 'root' host: 'localhost' (Got an error reading communication packets)
2026-09-25 11:39:45 94 [Warning] Aborted connection 94 to db: 'dms_dev' user: 'root' host: 'localhost' (Got an error reading communication packets)
2026-09-25 11:39:45 92 [Warning] Aborted connection 92 to db: 'dms_dev' user: 'root' host: 'localhost' (Got an error reading communication packets)
2026-09-25 11:39:45 99 [Warning] Aborted connection 99 to db: 'dms_dev' user: 'root' host: 'localhost' (Got an error reading communication packets)
2026-09-25 11:39:45 88 [Warning] Aborted connection 88 to db: 'dms_dev' user: 'root' host: 'localhost' (Got an error reading communication packets)
2026-09-25 11:39:45 74 [Warning] Aborted connection 74 to db: 'dms_dev' user: 'root' host: 'localhost' (Got an error reading communication packets)
2026-09-25 11:49:35 188 [Warning] Aborted connection 188 to db: 'dms_dev' user: 'root' host: 'localhost' (Got an error reading communication packets)
2026-09-25 11:49:35 190 [Warning] Aborted connection 190 to db: 'dms_dev' user: 'root' host: 'localhost' (Got an error reading communication packets)
2026-09-25 11:49:47 189 [Warning] Aborted connection 189 to db: 'dms_dev' user: 'root' host: 'localhost' (Got an error reading communication packets)
2026-09-25 11:49:48 192 [Warning] Aborted connection 192 to db: 'dms_dev' user: 'root' host: 'localhost' (Got an error reading communication packets)
2026-09-25 11:49:48 186 [Warning] Aborted connection 186 to db: 'dms_dev' user: 'root' host: 'localhost' (Got an error reading communication packets)
2026-09-25 11:49:48 169 [Warning] Aborted connection 169 to db: 'dms_dev' user: 'root' host: 'localhost' (Got an error reading communication packets)
2026-09-25 11:49:48 191 [Warning] Aborted connection 191 to db: 'dms_dev' user: 'root' host: 'localhost' (Got an error reading communication packets)
2026-09-25 11:49:48 185 [Warning] Aborted connection 185 to db: 'dms_dev' user: 'root' host: 'localhost' (Got an error reading communication packets)
2026-09-25 11:49:48 158 [Warning] Aborted connection 158 to db: 'dms_dev' user: 'root' host: 'localhost' (Got an error reading communication packets)
2026-09-25 11:49:48 193 [Warning] Aborted connection 193 to db: 'dms_dev' user: 'root' host: 'localhost' (Got an error reading communication packets)
2026-09-25 11:49:48 194 [Warning] Aborted connection 194 to db: 'dms_dev' user: 'root' host: 'localhost' (Got an error reading communication packets)
2026-09-25 11:49:48 156 [Warning] Aborted connection 156 to db: 'dms_dev' user: 'root' host: 'localhost' (Got an error reading communication packets)
2026-09-25 11:49:48 187 [Warning] Aborted connection 187 to db: 'dms_dev' user: 'root' host: 'localhost' (Got an error reading communication packets)
2026-09-25 11:49:48 168 [Warning] Aborted connection 168 to db: 'dms_dev' user: 'root' host: 'localhost' (Got an error reading communication packets)
2026-09-25 11:49:48 157 [Warning] Aborted connection 157 to db: 'dms_dev' user: 'root' host: 'localhost' (Got an error reading communication packets)
2026-09-25 11:49:48 170 [Warning] Aborted connection 170 to db: 'dms_dev' user: 'root' host: 'localhost' (Got an error reading communication packets)
2026-09-25 11:49:48 195 [Warning] Aborted connection 195 to db: 'dms_dev' user: 'root' host: 'localhost' (Got an error reading communication packets)
2026-09-25 11:50:03 61 [Warning] Aborted connection 61 to db: 'dms_dev' user: 'root' host: 'localhost' (Got an error reading communication packets)
2026-09-25 11:52:37 174 [Warning] Aborted connection 174 to db: 'dms_dev' user: 'root' host: 'localhost' (Got an error reading communication packets)
2026-09-25 11:52:37 173 [Warning] Aborted connection 173 to db: 'dms_dev' user: 'root' host: 'localhost' (Got an error reading communication packets)
2026-09-25 11:54:22 63 [Warning] Aborted connection 63 to db: 'dms_dev' user: 'root' host: 'localhost' (Got an error reading communication packets)
2026-09-25 11:54:51 211 [Warning] Aborted connection 211 to db: 'dms_dev' user: 'root' host: 'localhost' (Got an error reading communication packets)
2026-09-25 12:01:24 218 [Warning] Aborted connection 218 to db: 'dms_dev' user: 'root' host: 'localhost' (Got an error reading communication packets)
2026-09-25 12:06:06 199 [Warning] Aborted connection 199 to db: 'dms_dev' user: 'root' host: 'localhost' (Got an error reading communication packets)
2026-09-25 12:06:26 219 [Warning] Aborted connection 219 to db: 'dms_dev' user: 'root' host: 'localhost' (Got an error reading communication packets)
2026-09-25 12:06:27 204 [Warning] Aborted connection 204 to db: 'dms_dev' user: 'root' host: 'localhost' (Got an error reading communication packets)
2026-09-25 12:06:27 212 [Warning] Aborted connection 212 to db: 'dms_dev' user: 'root' host: 'localhost' (Got an error reading communication packets)
2026-09-25 12:06:27 200 [Warning] Aborted connection 200 to db: 'dms_dev' user: 'root' host: 'localhost' (Got an error reading communication packets)
2026-09-25 12:06:27 205 [Warning] Aborted connection 205 to db: 'dms_dev' user: 'root' host: 'localhost' (Got an error reading communication packets)
2026-09-25 12:06:27 208 [Warning] Aborted connection 208 to db: 'dms_dev' user: 'root' host: 'localhost' (Got an error reading communication packets)
2026-09-25 12:06:27 207 [Warning] Aborted connection 207 to db: 'dms_dev' user: 'root' host: 'localhost' (Got an error reading communication packets)
2026-09-25 12:06:27 209 [Warning] Aborted connection 209 to db: 'dms_dev' user: 'root' host: 'localhost' (Got an error reading communication packets)
2026-09-25 12:06:27 202 [Warning] Aborted connection 202 to db: 'dms_dev' user: 'root' host: 'localhost' (Got an error reading communication packets)
2026-09-25 12:06:27 197 [Warning] Aborted connection 197 to db: 'dms_dev' user: 'root' host: 'localhost' (Got an error reading communication packets)
2026-09-25 12:06:27 201 [Warning] Aborted connection 201 to db: 'dms_dev' user: 'root' host: 'localhost' (Got an error reading communication packets)
2026-09-25 12:06:27 196 [Warning] Aborted connection 196 to db: 'dms_dev' user: 'root' host: 'localhost' (Got an error reading communication packets)
2026-09-25 12:06:27 198 [Warning] Aborted connection 198 to db: 'dms_dev' user: 'root' host: 'localhost' (Got an error reading communication packets)
2026-09-25 12:06:27 203 [Warning] Aborted connection 203 to db: 'dms_dev' user: 'root' host: 'localhost' (Got an error reading communication packets)
2026-09-25 12:06:27 210 [Warning] Aborted connection 210 to db: 'dms_dev' user: 'root' host: 'localhost' (Got an error reading communication packets)
2026-09-25 12:06:27 206 [Warning] Aborted connection 206 to db: 'dms_dev' user: 'root' host: 'localhost' (Got an error reading communication packets)
2026-09-25 12:18:22 234 [Warning] Aborted connection 234 to db: 'dms_dev' user: 'root' host: 'localhost' (Got an error reading communication packets)
2026-09-25 12:18:23 232 [Warning] Aborted connection 232 to db: 'dms_dev' user: 'root' host: 'localhost' (Got an error reading communication packets)
2026-09-25 12:19:56 229 [Warning] Aborted connection 229 to db: 'dms_dev' user: 'root' host: 'localhost' (Got an error reading communication packets)
2026-09-25 12:19:56 225 [Warning] Aborted connection 225 to db: 'dms_dev' user: 'root' host: 'localhost' (Got an error reading communication packets)
2026-09-25 12:19:56 235 [Warning] Aborted connection 235 to db: 'dms_dev' user: 'root' host: 'localhost' (Got an error reading communication packets)
2026-09-25 12:19:56 236 [Warning] Aborted connection 236 to db: 'dms_dev' user: 'root' host: 'localhost' (Got an error reading communication packets)
2026-09-25 12:19:56 230 [Warning] Aborted connection 230 to db: 'dms_dev' user: 'root' host: 'localhost' (Got an error reading communication packets)
2026-09-25 12:19:56 231 [Warning] Aborted connection 231 to db: 'dms_dev' user: 'root' host: 'localhost' (Got an error reading communication packets)
2026-09-25 12:19:56 228 [Warning] Aborted connection 228 to db: 'dms_dev' user: 'root' host: 'localhost' (Got an error reading communication packets)
2026-09-25 12:19:56 224 [Warning] Aborted connection 224 to db: 'dms_dev' user: 'root' host: 'localhost' (Got an error reading communication packets)
2026-09-25 12:19:56 226 [Warning] Aborted connection 226 to db: 'dms_dev' user: 'root' host: 'localhost' (Got an error reading communication packets)
2026-09-25 12:19:56 227 [Warning] Aborted connection 227 to db: 'dms_dev' user: 'root' host: 'localhost' (Got an error reading communication packets)
2026-09-25 12:19:56 233 [Warning] Aborted connection 233 to db: 'dms_dev' user: 'root' host: 'localhost' (Got an error reading communication packets)
2026-09-25 12:39:06 238 [Warning] Aborted connection 238 to db: 'dms_dev' user: 'root' host: 'localhost' (Got an error reading communication packets)
2026-09-25 12:39:06 245 [Warning] Aborted connection 245 to db: 'dms_dev' user: 'root' host: 'localhost' (Got an error reading communication packets)
2026-09-25 12:39:07 241 [Warning] Aborted connection 241 to db: 'dms_dev' user: 'root' host: 'localhost' (Got an error reading communication packets)
2026-09-25 12:39:13 213 [Warning] Aborted connection 213 to db: 'dms_dev' user: 'root' host: 'localhost' (Got an error reading communication packets)
2026-09-25 12:40:04 237 [Warning] Aborted connection 237 to db: 'dms_dev' user: 'root' host: 'localhost' (Got an error reading communication packets)
2026-09-25 12:40:04 239 [Warning] Aborted connection 239 to db: 'dms_dev' user: 'root' host: 'localhost' (Got an error reading communication packets)
2026-09-25 12:40:04 240 [Warning] Aborted connection 240 to db: 'dms_dev' user: 'root' host: 'localhost' (Got an error reading communication packets)
2026-09-25 12:40:04 249 [Warning] Aborted connection 249 to db: 'dms_dev' user: 'root' host: 'localhost' (Got an error reading communication packets)
2026-09-25 12:40:04 244 [Warning] Aborted connection 244 to db: 'dms_dev' user: 'root' host: 'localhost' (Got an error reading communication packets)
2026-09-25 12:40:04 243 [Warning] Aborted connection 243 to db: 'dms_dev' user: 'root' host: 'localhost' (Got an error reading communication packets)
2026-09-25 12:40:04 247 [Warning] Aborted connection 247 to db: 'dms_dev' user: 'root' host: 'localhost' (Got an error reading communication packets)
2026-09-25 12:40:04 248 [Warning] Aborted connection 248 to db: 'dms_dev' user: 'root' host: 'localhost' (Got an error reading communication packets)
2026-09-25 12:40:04 246 [Warning] Aborted connection 246 to db: 'dms_dev' user: 'root' host: 'localhost' (Got an error reading communication packets)
2026-09-25 12:40:04 242 [Warning] Aborted connection 242 to db: 'dms_dev' user: 'root' host: 'localhost' (Got an error reading communication packets)
2026-09-25 12:40:04 223 [Warning] Aborted connection 223 to db: 'dms_dev' user: 'root' host: 'localhost' (Got an error reading communication packets)
2026-09-25 12:40:04 220 [Warning] Aborted connection 220 to db: 'dms_dev' user: 'root' host: 'localhost' (Got an error reading communication packets)
2026-09-25 12:40:04 222 [Warning] Aborted connection 222 to db: 'dms_dev' user: 'root' host: 'localhost' (Got an error reading communication packets)
2026-09-25 12:40:04 221 [Warning] Aborted connection 221 to db: 'dms_dev' user: 'root' host: 'localhost' (Got an error reading communication packets)
2026-09-25 12:40:28 214 [Warning] Aborted connection 214 to db: 'dms_dev' user: 'root' host: 'localhost' (Got an error reading communication packets)
2026-09-25 12:45:09 264 [Warning] Aborted connection 264 to db: 'dms_dev' user: 'root' host: 'localhost' (Got an error reading communication packets)
2026-09-25 13:01:23 269 [Warning] Aborted connection 269 to db: 'dms_dev' user: 'root' host: 'localhost' (Got an error reading communication packets)
2026-09-25 13:59:27 270 [Warning] Aborted connection 270 to db: 'dms_dev' user: 'root' host: 'localhost' (Got an error reading communication packets)
2026-09-25 13:59:27 262 [Warning] Aborted connection 262 to db: 'dms_dev' user: 'root' host: 'localhost' (Got an error reading communication packets)
2026-09-25 13:59:27 267 [Warning] Aborted connection 267 to db: 'dms_dev' user: 'root' host: 'localhost' (Got an error reading communication packets)
2026-09-25 14:04:36 272 [Warning] Aborted connection 272 to db: 'dms_dev' user: 'root' host: 'localhost' (Got an error reading communication packets)
2026-09-25 14:04:36 273 [Warning] Aborted connection 273 to db: 'dms_dev' user: 'root' host: 'localhost' (Got an error reading communication packets)
2026-09-25 14:04:36 271 [Warning] Aborted connection 271 to db: 'dms_dev' user: 'root' host: 'localhost' (Got an error reading communication packets)
2026-09-25 14:05:01 68 [Warning] Aborted connection 68 to db: 'dms_dev' user: 'root' host: 'localhost' (Got an error reading communication packets)
2026-09-25 14:05:02 260 [Warning] Aborted connection 260 to db: 'dms_dev' user: 'root' host: 'localhost' (Got an error reading communication packets)
2026-09-25 14:05:02 256 [Warning] Aborted connection 256 to db: 'dms_dev' user: 'root' host: 'localhost' (Got an error reading communication packets)
2026-09-25 14:05:02 257 [Warning] Aborted connection 257 to db: 'dms_dev' user: 'root' host: 'localhost' (Got an error reading communication packets)
2026-09-25 14:05:02 254 [Warning] Aborted connection 254 to db: 'dms_dev' user: 'root' host: 'localhost' (Got an error reading communication packets)
2026-09-25 14:05:02 255 [Warning] Aborted connection 255 to db: 'dms_dev' user: 'root' host: 'localhost' (Got an error reading communication packets)
2026-09-25 14:05:02 258 [Warning] Aborted connection 258 to db: 'dms_dev' user: 'root' host: 'localhost' (Got an error reading communication packets)
2026-09-25 14:05:02 261 [Warning] Aborted connection 261 to db: 'dms_dev' user: 'root' host: 'localhost' (Got an error reading communication packets)
2026-09-25 14:05:02 266 [Warning] Aborted connection 266 to db: 'dms_dev' user: 'root' host: 'localhost' (Got an error reading communication packets)
2026-09-25 14:05:02 263 [Warning] Aborted connection 263 to db: 'dms_dev' user: 'root' host: 'localhost' (Got an error reading communication packets)
2026-09-25 14:05:02 265 [Warning] Aborted connection 265 to db: 'dms_dev' user: 'root' host: 'localhost' (Got an error reading communication packets)
2026-09-25 14:05:02 259 [Warning] Aborted connection 259 to db: 'dms_dev' user: 'root' host: 'localhost' (Got an error reading communication packets)
2026-09-25 14:05:02 250 [Warning] Aborted connection 250 to db: 'dms_dev' user: 'root' host: 'localhost' (Got an error reading communication packets)
2026-09-25 14:05:02 252 [Warning] Aborted connection 252 to db: 'dms_dev' user: 'root' host: 'localhost' (Got an error reading communication packets)
2026-09-25 14:05:02 251 [Warning] Aborted connection 251 to db: 'dms_dev' user: 'root' host: 'localhost' (Got an error reading communication packets)
