2026-09-22 13:41:29 0 [Note] Starting MariaDB 10.4.32-MariaDB source revision c4143f909528e3fab0677a28631d10389354c491 as process 20296
2026-09-22 13:41:29 0 [ERROR] mysqld.exe: File 'c:\Users\USER\Desktop\DocumentManagementSystem\backend\mysql-local-data\aria_log.00000001' not found (Errcode: 2 "No such file or directory")
2026-09-22 13:41:29 0 [ERROR] mysqld.exe: Aria engine: log initialization failed
2026-09-22 13:41:29 0 [ERROR] Plugin 'Aria' registration as a STORAGE ENGINE failed.
2026-09-22 13:41:29 0 [Note] InnoDB: Mutexes and rw_locks use Windows interlocked functions
2026-09-22 13:41:29 0 [Note] InnoDB: Uses event mutexes
2026-09-22 13:41:29 0 [Note] InnoDB: Compressed tables use zlib 1.3
2026-09-22 13:41:29 0 [Note] InnoDB: Number of pools: 1
2026-09-22 13:41:29 0 [Note] InnoDB: Using SSE2 crc32 instructions
2026-09-22 13:41:29 0 [Note] InnoDB: Initializing buffer pool, total size = 128M, instances = 1, chunk size = 128M
2026-09-22 13:41:29 0 [Note] InnoDB: Completed initialization of buffer pool
2026-09-22 13:41:29 0 [Note] InnoDB: 128 out of 128 rollback segments are active.
2026-09-22 13:41:29 0 [Note] InnoDB: Creating shared tablespace for temporary tables
2026-09-22 13:41:29 0 [Note] InnoDB: Setting file '.\ibtmp1' size to 12 MB. Physically writing the file full; Please wait ...
2026-09-22 13:41:29 0 [Note] InnoDB: File '.\ibtmp1' size is now 12 MB.
2026-09-22 13:41:29 0 [Note] InnoDB: Waiting for purge to start
2026-09-22 13:41:30 0 [Note] InnoDB: 10.4.32 started; log sequence number 149701065; transaction id 68734
2026-09-22 13:41:30 0 [Note] InnoDB: Loading buffer pool(s) from c:\Users\USER\Desktop\DocumentManagementSystem\backend\mysql-local-data\ib_buffer_pool
2026-09-22 13:41:30 0 [Note] Plugin 'FEEDBACK' is disabled.
2026-09-22 13:41:30 0 [Note] InnoDB: Buffer pool(s) load completed at 260922 13:41:30
2026-09-22 13:41:30 0 [ERROR] Could not open mysql.plugin table. Some plugins may be not loaded
2026-09-22 13:41:30 0 [ERROR] Failed to initialize plugins.
2026-09-22 13:41:30 0 [ERROR] Aborting
